Archive member included to satisfy reference by file (symbol)

/Applications/STM32CubeIDE.app/Contents/Eclipse/plugins/com.st.stm32cube.ide.mcu.externaltools.gnu-tools-for-stm32.12.3.rel1.macos64_1.0.100.202403111906/tools/bin/../lib/gcc/arm-none-eabi/12.3.1/../../../../arm-none-eabi/lib/thumb/v7e-m+fp/hard/libc_nano.a(libc_a-exit.o)
                              /Applications/STM32CubeIDE.app/Contents/Eclipse/plugins/com.st.stm32cube.ide.mcu.externaltools.gnu-tools-for-stm32.12.3.rel1.macos64_1.0.100.202403111906/tools/bin/../lib/gcc/arm-none-eabi/12.3.1/../../../../arm-none-eabi/lib/thumb/v7e-m+fp/hard/crt0.o (exit)
/Applications/STM32CubeIDE.app/Contents/Eclipse/plugins/com.st.stm32cube.ide.mcu.externaltools.gnu-tools-for-stm32.12.3.rel1.macos64_1.0.100.202403111906/tools/bin/../lib/gcc/arm-none-eabi/12.3.1/../../../../arm-none-eabi/lib/thumb/v7e-m+fp/hard/libc_nano.a(libc_a-findfp.o)
                              /Applications/STM32CubeIDE.app/Contents/Eclipse/plugins/com.st.stm32cube.ide.mcu.externaltools.gnu-tools-for-stm32.12.3.rel1.macos64_1.0.100.202403111906/tools/bin/../lib/gcc/arm-none-eabi/12.3.1/../../../../arm-none-eabi/lib/thumb/v7e-m+fp/hard/libc_nano.a(libc_a-exit.o) (__stdio_exit_handler)
/Applications/STM32CubeIDE.app/Contents/Eclipse/plugins/com.st.stm32cube.ide.mcu.externaltools.gnu-tools-for-stm32.12.3.rel1.macos64_1.0.100.202403111906/tools/bin/../lib/gcc/arm-none-eabi/12.3.1/../../../../arm-none-eabi/lib/thumb/v7e-m+fp/hard/libc_nano.a(libc_a-fwalk.o)
                              /Applications/STM32CubeIDE.app/Contents/Eclipse/plugins/com.st.stm32cube.ide.mcu.externaltools.gnu-tools-for-stm32.12.3.rel1.macos64_1.0.100.202403111906/tools/bin/../lib/gcc/arm-none-eabi/12.3.1/../../../../arm-none-eabi/lib/thumb/v7e-m+fp/hard/libc_nano.a(libc_a-findfp.o) (_fwalk_sglue)
/Applications/STM32CubeIDE.app/Contents/Eclipse/plugins/com.st.stm32cube.ide.mcu.externaltools.gnu-tools-for-stm32.12.3.rel1.macos64_1.0.100.202403111906/tools/bin/../lib/gcc/arm-none-eabi/12.3.1/../../../../arm-none-eabi/lib/thumb/v7e-m+fp/hard/libc_nano.a(libc_a-memset.o)
                              /Applications/STM32CubeIDE.app/Contents/Eclipse/plugins/com.st.stm32cube.ide.mcu.externaltools.gnu-tools-for-stm32.12.3.rel1.macos64_1.0.100.202403111906/tools/bin/../lib/gcc/arm-none-eabi/12.3.1/../../../../arm-none-eabi/lib/thumb/v7e-m+fp/hard/crt0.o (memset)
/Applications/STM32CubeIDE.app/Contents/Eclipse/plugins/com.st.stm32cube.ide.mcu.externaltools.gnu-tools-for-stm32.12.3.rel1.macos64_1.0.100.202403111906/tools/bin/../lib/gcc/arm-none-eabi/12.3.1/../../../../arm-none-eabi/lib/thumb/v7e-m+fp/hard/libc_nano.a(libc_a-impure.o)
                              /Applications/STM32CubeIDE.app/Contents/Eclipse/plugins/com.st.stm32cube.ide.mcu.externaltools.gnu-tools-for-stm32.12.3.rel1.macos64_1.0.100.202403111906/tools/bin/../lib/gcc/arm-none-eabi/12.3.1/../../../../arm-none-eabi/lib/thumb/v7e-m+fp/hard/libc_nano.a(libc_a-findfp.o) (_impure_data)
/Applications/STM32CubeIDE.app/Contents/Eclipse/plugins/com.st.stm32cube.ide.mcu.externaltools.gnu-tools-for-stm32.12.3.rel1.macos64_1.0.100.202403111906/tools/bin/../lib/gcc/arm-none-eabi/12.3.1/../../../../arm-none-eabi/lib/thumb/v7e-m+fp/hard/libc_nano.a(libc_a-errno.o)
                              ./Core/Src/syscalls.o (__errno)
/Applications/STM32CubeIDE.app/Contents/Eclipse/plugins/com.st.stm32cube.ide.mcu.externaltools.gnu-tools-for-stm32.12.3.rel1.macos64_1.0.100.202403111906/tools/bin/../lib/gcc/arm-none-eabi/12.3.1/../../../../arm-none-eabi/lib/thumb/v7e-m+fp/hard/libc_nano.a(libc_a-init.o)
                              /Applications/STM32CubeIDE.app/Contents/Eclipse/plugins/com.st.stm32cube.ide.mcu.externaltools.gnu-tools-for-stm32.12.3.rel1.macos64_1.0.100.202403111906/tools/bin/../lib/gcc/arm-none-eabi/12.3.1/../../../../arm-none-eabi/lib/thumb/v7e-m+fp/hard/crt0.o (__libc_init_array)
/Applications/STM32CubeIDE.app/Contents/Eclipse/plugins/com.st.stm32cube.ide.mcu.externaltools.gnu-tools-for-stm32.12.3.rel1.macos64_1.0.100.202403111906/tools/bin/../lib/gcc/arm-none-eabi/12.3.1/../../../../arm-none-eabi/lib/thumb/v7e-m+fp/hard/libc_nano.a(libc_a-lock.o)
                              /Applications/STM32CubeIDE.app/Contents/Eclipse/plugins/com.st.stm32cube.ide.mcu.externaltools.gnu-tools-for-stm32.12.3.rel1.macos64_1.0.100.202403111906/tools/bin/../lib/gcc/arm-none-eabi/12.3.1/../../../../arm-none-eabi/lib/thumb/v7e-m+fp/hard/libc_nano.a(libc_a-findfp.o) (__retarget_lock_init_recursive)
/Applications/STM32CubeIDE.app/Contents/Eclipse/plugins/com.st.stm32cube.ide.mcu.externaltools.gnu-tools-for-stm32.12.3.rel1.macos64_1.0.100.202403111906/tools/bin/../lib/gcc/arm-none-eabi/12.3.1/../../../../arm-none-eabi/lib/thumb/v7e-m+fp/hard/libc_nano.a(libc_a-mallocr.o)
[...]
Memory Configuration

Name             Origin             Length             Attributes
CCMRAM           0x10000000         0x00010000         xrw
RAM              0x20000000         0x00020000         xrw
FLASH            0x08000000         0x00100000         xr
*default*        0x00000000         0xffffffff

Linker script and memory map

LOAD /Applications/STM32CubeIDE.app/Contents/Eclipse/plugins/com.st.stm32cube.ide.mcu.externaltools.gnu-tools-for-stm32.12.3.rel1.macos64_1.0.100.202403111906/tools/bin/../lib/gcc/arm-none-eabi/12.3.1/thumb/v7e-m+fp/hard/crti.o
LOAD /Applications/STM32CubeIDE.app/Contents/Eclipse/plugins/com.st.stm32cube.ide.mcu.externaltools.gnu-tools-for-stm32.12.3.rel1.macos64_1.0.100.202403111906/tools/bin/../lib/gcc/arm-none-eabi/12.3.1/thumb/v7e-m+fp/hard/crtbegin.o
LOAD /Applications/STM32CubeIDE.app/Contents/Eclipse/plugins/com.st.stm32cube.ide.mcu.externaltools.gnu-tools-for-stm32.12.3.rel1.macos64_1.0.100.202403111906/tools/bin/../lib/gcc/arm-none-eabi/12.3.1/../../../../arm-none-eabi/lib/thumb/v7e-m+fp/hard/crt0.o
LOAD ./Core/Src/button.o
LOAD ./Core/Src/clock.o
LOAD ./Core/Src/gpio.o
LOAD ./Core/Src/led7Seg.o
LOAD ./Core/Src/main.o
LOAD ./Core/Src/softwareTimer.o
LOAD ./Core/Src/spi.o
LOAD ./Core/Src/stm32f4xx_hal_msp.o
LOAD ./Core/Src/stm32f4xx_it.o
LOAD ./Core/Src/syscalls.o
LOAD ./Core/Src/sysmem.o
LOAD ./Core/Src/system_stm32f4xx.o
LOAD ./Core/Src/tim.o
LOAD ./Core/Startup/startup_stm32f407zgtx.o
LOAD ./Drivers/STM32F4xx_HAL_Driver/Src/stm32f4xx_hal.o
LOAD ./Drivers/STM32F4xx_HAL_Driver/Src/stm32f4xx_hal_cortex.o
LOAD ./Drivers/STM32F4xx_HAL_Driver/Src/stm32f4xx_hal_dma.o
LOAD ./Drivers/STM32F4xx_HAL_Driver/Src/stm32f4xx_hal_dma_ex.o
LOAD ./Drivers/STM32F4xx_HAL_Driver/Src/stm32f4xx_hal_exti.o
LOAD ./Drivers/STM32F4xx_HAL_Driver/Src/stm32f4xx_hal_flash.o
LOAD ./Drivers/STM32F4xx_HAL_Driver/Src/stm32f4xx_hal_flash_ex.o
LOAD ./Drivers/STM32F4xx_HAL_Driver/Src/stm32f4xx_hal_flash_ramfunc.o
LOAD ./Drivers/STM32F4xx_HAL_Driver/Src/stm32f4xx_hal_gpio.o
LOAD ./Drivers/STM32F4xx_HAL_Driver/Src/stm32f4xx_hal_pwr.o
LOAD ./Drivers/STM32F4xx_HAL_Driver/Src/stm32f4xx_hal_pwr_ex.o
LOAD ./Drivers/STM32F4xx_HAL_Driver/Src/stm32f4xx_hal_rcc.o
LOAD ./Drivers/STM32F4xx_HAL_Driver/Src/stm32f4xx_hal_rcc_ex.o
LOAD ./Drivers/STM32F4xx_HAL_Driver/Src/stm32f4xx_hal_spi.o
LOAD ./Drivers/STM32F4xx_HAL_Driver/Src/stm32f4xx_hal_tim.o
LOAD ./Drivers/STM32F4xx_HAL_Driver/Src/stm32f4xx_hal_tim_ex.o
START GROUP
LOAD /Applications/STM32CubeIDE.app/Contents/Eclipse/plugins/com.st.stm32cube.ide.mcu.externaltools.gnu-tools-for-stm32.12.3.rel1.macos64_1.0.100.202403111906/tools/bin/../lib/gcc/arm-none-eabi/12.3.1/../../../../arm-none-eabi/lib/thumb/v7e-m+fp/hard/libc_nano.a
LOAD /Applications/STM32CubeIDE.app/Contents/Eclipse/plugins/com.st.stm32cube.ide.mcu.externaltools.gnu-tools-for-stm32.12.3.rel1.macos64_1.0.100.202403111906/tools/bin/../lib/gcc/arm-none-eabi/12.3.1/../../../../arm-none-eabi/lib/thumb/v7e-m+fp/hard/libm.a
END GROUP
START GROUP
LOAD /Applications/STM32CubeIDE.app/Contents/Eclipse/plugins/com.st.stm32cube.ide.mcu.externaltools.gnu-tools-for-stm32.12.3.rel1.macos64_1.0.100.202403111906/tools/bin/../lib/gcc/arm-none-eabi/12.3.1/thumb/v7e-m+fp/hard/libgcc.a
LOAD /Applications/STM32CubeIDE.app/Contents/Eclipse/plugins/com.st.stm32cube.ide.mcu.externaltools.gnu-tools-for-stm32.12.3.rel1.macos64_1.0.100.202403111906/tools/bin/../lib/gcc/arm-none-eabi/12.3.1/../../../../arm-none-eabi/lib/thumb/v7e-m+fp/hard/libc_nano.a
END GROUP
START GROUP
LOAD /Applications/STM32CubeIDE.app/Contents/Eclipse/plugins/com.st.stm32cube.ide.mcu.externaltools.gnu-tools-for-stm32.12.3.rel1.macos64_1.0.100.202403111906/tools/bin/../lib/gcc/arm-none-eabi/12.3.1/thumb/v7e-m+fp/hard/libgcc.a
LOAD /Applications/STM32CubeIDE.app/Contents/Eclipse/plugins/com.st.stm32cube.ide.mcu.externaltools.gnu-tools-for-stm32.12.3.rel1.macos64_1.0.100.202403111906/tools/bin/../lib/gcc/arm-none-eabi/12.3.1/../../../../arm-none-eabi/lib/thumb/v7e-m+fp/hard/libc_nano.a
LOAD /Applications/STM32CubeIDE.app/Contents/Eclipse/plugins/com.st.stm32cube.ide.mcu.externaltools.gnu-tools-for-stm32.12.3.rel1.macos64_1.0.100.202403111906/tools/bin/../lib/gcc/arm-none-eabi/12.3.1/../../../../arm-none-eabi/lib/thumb/v7e-m+fp/hard/libnosys.a
END GROUP
START GROUP
LOAD /Applications/STM32CubeIDE.app/Contents/Eclipse/plugins/com.st.stm32cube.ide.mcu.externaltools.gnu-tools-for-stm32.12.3.rel1.macos64_1.0.100.202403111906/tools/bin/../lib/gcc/arm-none-eabi/12.3.1/thumb/v7e-m+fp/hard/libgcc.a
LOAD /Applications/STM32CubeIDE.app/Contents/Eclipse/plugins/com.st.stm32cube.ide.mcu.externaltools.gnu-tools-for-stm32.12.3.rel1.macos64_1.0.100.202403111906/tools/bin/../lib/gcc/arm-none-eabi/12.3.1/../../../../arm-none-eabi/lib/thumb/v7e-m+fp/hard/libc_nano.a
LOAD /Applications/STM32CubeIDE.app/Contents/Eclipse/plugins/com.st.stm32cube.ide.mcu.externaltools.gnu-tools-for-stm32.12.3.rel1.macos64_1.0.100.202403111906/tools/bin/../lib/gcc/arm-none-eabi/12.3.1/../../../../arm-none-eabi/lib/thumb/v7e-m+fp/hard/libnosys.a
END GROUP
LOAD /Applications/STM32CubeIDE.app/Contents/Eclipse/plugins/com.st.stm32cube.ide.mcu.externaltools.gnu-tools-for-stm32.12.3.rel1.macos64_1.0.100.202403111906/tools/bin/../lib/gcc/arm-none-eabi/12.3.1/thumb/v7e-m+fp/hard/crtend.o
LOAD /Applications/STM32CubeIDE.app/Contents/Eclipse/plugins/com.st.stm32cube.ide.mcu.externaltools.gnu-tools-for-stm32.12.3.rel1.macos64_1.0.100.202403111906/tools/bin/../lib/gcc/arm-none-eabi/12.3.1/thumb/v7e-m+fp/hard/crtn.o
                0x20020000                        _estack = (ORIGIN (RAM) + LENGTH (RAM))
                0x00000200                        _Min_Heap_Size = 0x200
                0x00000400                        _Min_Stack_Size = 0x400

.isr_vector     0x08000000      0x188
                0x08000000                        . = ALIGN (0x4)
 *(.isr_vector)
 .isr_vector    0x08000000      0x188 ./Core/Startup/startup_stm32f407zgtx.o
                0x08000000                g_pfnVectors
                0x08000188                        . = ALIGN (0x4)

.text           0x08000188     0x3598
                0x08000188                        . = ALIGN (0x4)
 *(.text)
 .text          0x08000188       0x40 /Applications/STM32CubeIDE.app/Contents/Eclipse/plugins/com.st.stm32cube.ide.mcu.externaltools.gnu-tools-for-stm32.12.3.rel1.macos64_1.0.100.202403111906/tools/bin/../lib/gcc/arm-none-eabi/12.3.1/thumb/v7e-m+fp/hard/crtbegin.o
 .text          0x080001c8       0x30 /Applications/STM32CubeIDE.app/Contents/Eclipse/plugins/com.st.stm32cube.ide.mcu.externaltools.gnu-tools-for-stm32.12.3.rel1.macos64_1.0.100.202403111906/tools/bin/../lib/gcc/arm-none-eabi/12.3.1/thumb/v7e-m+fp/hard/libgcc.a(_aeabi_uldivmod.o)
                0x080001c8                __aeabi_uldivmod
 .text          0x080001f8      0x2bc /Applications/STM32CubeIDE.app/Contents/Eclipse/plugins/com.st.stm32cube.ide.mcu.externaltools.gnu-tools-for-stm32.12.3.rel1.macos64_1.0.100.202403111906/tools/bin/../lib/gcc/arm-none-eabi/12.3.1/thumb/v7e-m+fp/hard/libgcc.a(_udivmoddi4.o)
                0x080001f8                __udivmoddi4
 .text          0x080004b4        0x4 /Applications/STM32CubeIDE.app/Contents/Eclipse/plugins/com.st.stm32cube.ide.mcu.externaltools.gnu-tools-for-stm32.12.3.rel1.macos64_1.0.100.202403111906/tools/bin/../lib/gcc/arm-none-eabi/12.3.1/thumb/v7e-m+fp/hard/libgcc.a(_dvmd_tls.o)
                0x080004b4                __aeabi_ldiv0
                0x080004b4                __aeabi_idiv0
 *(.text*)
 .text.button_scan
                0x080004b8       0xd8 ./Core/Src/button.o
                0x080004b8                button_scan
 .text.initClock
                0x08000590       0x40 ./Core/Src/clock.o
                0x08000590                initClock
 .text.clockRun
                0x080005d0      0x108 ./Core/Src/clock.o
                0x080005d0                clockRun
 .text.clockConfigMin
                0x080006d8       0xf8 ./Core/Src/clock.o
                0x080006d8                clockConfigMin
 .text.clockConfigHour
                0x080007d0      0x134 ./Core/Src/clock.o
                0x080007d0                clockConfigHour
 .text.isButtonPressed
                0x08000904       0x20 ./Core/Src/clock.o
                0x08000904                isButtonPressed
 .text.isButtonUp
                0x08000924       0x38 ./Core/Src/clock.o
                0x08000924                isButtonUp
 .text.isButtonDown
                0x0800095c       0x38 ./Core/Src/clock.o
                0x0800095c                isButtonDown
 .text.clockFSM
                0x08000994      0x128 ./Core/Src/clock.o
                0x08000994                clockFSM
 .text.MX_GPIO_Init
                0x08000abc      0x148 ./Core/Src/gpio.o
                0x08000abc                MX_GPIO_Init
 .text.led_7seg_init
                0x08000c04       0x18 ./Core/Src/led7Seg.o
                0x08000c04                led_7seg_init
 .text.turnOffLed
                0x08000c1c       0x30 ./Core/Src/led7Seg.o
                0x08000c1c                turnOffLed
 .text.led_7seg_display
                0x08000c4c      0x118 ./Core/Src/led7Seg.o
                0x08000c4c                led_7seg_display
 .text.led_7seg_set_digit
                0x08000d64       0x48 ./Core/Src/led7Seg.o
                0x08000d64                led_7seg_set_digit
 .text.led_7seg_set_colon
                0x08000dac       0x40 ./Core/Src/led7Seg.o
                0x08000dac                led_7seg_set_colon
 .text.main     0x08000dec       0x3e ./Core/Src/main.o
                0x08000dec                main
 *fill*         0x08000e2a        0x2 
 .text.SystemClock_Config
                0x08000e2c       0xd4 ./Core/Src/main.o
                0x08000e2c                SystemClock_Config
 .text.initSystem
                0x08000f00       0x18 ./Core/Src/main.o
                0x08000f00                initSystem
 .text.Error_Handler
                0x08000f18        0xc ./Core/Src/main.o
                0x08000f18                Error_Handler
 .text.initializeTimer2
                0x08000f24       0x14 ./Core/Src/softwareTimer.o
                0x08000f24                initializeTimer2
 .text.setTimer2
                0x08000f38       0x28 ./Core/Src/softwareTimer.o
                0x08000f38                setTimer2
 .text.getFlagTimer2
                0x08000f60       0x18 ./Core/Src/softwareTimer.o
                0x08000f60                getFlagTimer2
 .text.timerRun
                0x08000f78       0x34 ./Core/Src/softwareTimer.o
                0x08000f78                timerRun
 .text.HAL_TIM_PeriodElapsedCallback
                0x08000fac       0x14 ./Core/Src/softwareTimer.o
                0x08000fac                HAL_TIM_PeriodElapsedCallback
 .text.MX_SPI1_Init
                0x08000fc0       0x6c ./Core/Src/spi.o
                0x08000fc0                MX_SPI1_Init
 .text.HAL_SPI_MspInit
                0x0800102c       0x90 ./Core/Src/spi.o
                0x0800102c                HAL_SPI_MspInit
 .text.HAL_MspInit
                0x080010bc       0x50 ./Core/Src/stm32f4xx_hal_msp.o
                0x080010bc                HAL_MspInit
 .text.NMI_Handler
                0x0800110c        0x8 ./Core/Src/stm32f4xx_it.o
                0x0800110c                NMI_Handler
 .text.HardFault_Handler
                0x08001114        0x8 ./Core/Src/stm32f4xx_it.o
                0x08001114                HardFault_Handler
 .text.MemManage_Handler
                0x0800111c        0x8 ./Core/Src/stm32f4xx_it.o
                0x0800111c                MemManage_Handler
 .text.BusFault_Handler
                0x08001124        0x8 ./Core/Src/stm32f4xx_it.o
                0x08001124                BusFault_Handler
 .text.UsageFault_Handler
                0x0800112c        0x8 ./Core/Src/stm32f4xx_it.o
                0x0800112c                UsageFault_Handler
 .text.SVC_Handler
                0x08001134        0xe ./Core/Src/stm32f4xx_it.o
                0x08001134                SVC_Handler
 .text.DebugMon_Handler
                0x08001142        0xe ./Core/Src/stm32f4xx_it.o
                0x08001142                DebugMon_Handler
 .text.PendSV_Handler
                0x08001150        0xe ./Core/Src/stm32f4xx_it.o
                0x08001150                PendSV_Handler
 .text.SysTick_Handler
                0x0800115e        0xc ./Core/Src/stm32f4xx_it.o
                0x0800115e                SysTick_Handler
 *fill*         0x0800116a        0x2 
 .text.TIM2_IRQHandler
                0x0800116c       0x14 ./Core/Src/stm32f4xx_it.o
                0x0800116c                TIM2_IRQHandler
 .text.SystemInit
                0x08001180       0x24 ./Core/Src/system_stm32f4xx.o
                0x08001180                SystemInit
 .text.MX_TIM2_Init
                0x080011a4       0x98 ./Core/Src/tim.o
                0x080011a4                MX_TIM2_Init
 .text.HAL_TIM_Base_MspInit
                0x0800123c       0x4c ./Core/Src/tim.o
                0x0800123c                HAL_TIM_Base_MspInit
 .text.Reset_Handler
                0x08001288       0x50 ./Core/Startup/startup_stm32f407zgtx.o
                0x08001288                Reset_Handler
 .text.Default_Handler
                0x080012d8        0x2 ./Core/Startup/startup_stm32f407zgtx.o
                0x080012d8                DMA1_Stream3_IRQHandler
                0x080012d8                HASH_RNG_IRQHandler
                0x080012d8                EXTI2_IRQHandler
                0x080012d8                TIM8_CC_IRQHandler
                0x080012d8                TIM1_CC_IRQHandler
                0x080012d8                DMA2_Stream5_IRQHandler
                0x080012d8                DMA1_Stream5_IRQHandler
                0x080012d8                PVD_IRQHandler
                0x080012d8                SDIO_IRQHandler
                0x080012d8                TAMP_STAMP_IRQHandler
                0x080012d8                CAN2_RX1_IRQHandler
                0x080012d8                EXTI3_IRQHandler
                0x080012d8                TIM8_TRG_COM_TIM14_IRQHandler
                0x080012d8                TIM1_UP_TIM10_IRQHandler
                0x080012d8                TIM8_UP_TIM13_IRQHandler
                0x080012d8                I2C3_ER_IRQHandler
                0x080012d8                EXTI0_IRQHandler
                0x080012d8                I2C2_EV_IRQHandler
                0x080012d8                DMA1_Stream2_IRQHandler
                0x080012d8                CAN1_RX0_IRQHandler
                0x080012d8                FPU_IRQHandler
                0x080012d8                OTG_HS_WKUP_IRQHandler
                0x080012d8                CAN2_SCE_IRQHandler
                0x080012d8                DMA2_Stream2_IRQHandler
                0x080012d8                SPI1_IRQHandler
                0x080012d8                TIM6_DAC_IRQHandler
                0x080012d8                TIM1_BRK_TIM9_IRQHandler
                0x080012d8                DCMI_IRQHandler
                0x080012d8                CAN2_RX0_IRQHandler
                0x080012d8                DMA2_Stream3_IRQHandler
                0x080012d8                USART6_IRQHandler
                0x080012d8                USART3_IRQHandler
                0x080012d8                CAN1_RX1_IRQHandler
                0x080012d8                UART5_IRQHandler
                0x080012d8                DMA2_Stream0_IRQHandler
                0x080012d8                TIM4_IRQHandler
                0x080012d8                I2C1_EV_IRQHandler
                0x080012d8                DMA1_Stream6_IRQHandler
                0x080012d8                DMA1_Stream1_IRQHandler
                0x080012d8                UART4_IRQHandler
                0x080012d8                TIM3_IRQHandler
                0x080012d8                RCC_IRQHandler
                0x080012d8                TIM8_BRK_TIM12_IRQHandler
                0x080012d8                Default_Handler
                0x080012d8                EXTI15_10_IRQHandler
                0x080012d8                ADC_IRQHandler
                0x080012d8                DMA1_Stream7_IRQHandler
                0x080012d8                TIM7_IRQHandler
                0x080012d8                CAN2_TX_IRQHandler
                0x080012d8                TIM5_IRQHandler
                0x080012d8                DMA2_Stream7_IRQHandler
                0x080012d8                I2C3_EV_IRQHandler
                0x080012d8                EXTI9_5_IRQHandler
                0x080012d8                RTC_WKUP_IRQHandler
                0x080012d8                ETH_WKUP_IRQHandler
                0x080012d8                SPI2_IRQHandler
                0x080012d8                OTG_HS_EP1_IN_IRQHandler
                0x080012d8                DMA1_Stream0_IRQHandler
                0x080012d8                CAN1_TX_IRQHandler
                0x080012d8                EXTI4_IRQHandler
                0x080012d8                FSMC_IRQHandler
                0x080012d8                ETH_IRQHandler
                0x080012d8                OTG_HS_EP1_OUT_IRQHandler
                0x080012d8                WWDG_IRQHandler
                0x080012d8                OTG_FS_WKUP_IRQHandler
                0x080012d8                TIM1_TRG_COM_TIM11_IRQHandler
                0x080012d8                OTG_HS_IRQHandler
                0x080012d8                EXTI1_IRQHandler
                0x080012d8                USART2_IRQHandler
                0x080012d8                I2C2_ER_IRQHandler
                0x080012d8                DMA2_Stream1_IRQHandler
                0x080012d8                CAN1_SCE_IRQHandler
                0x080012d8                FLASH_IRQHandler
                0x080012d8                DMA2_Stream4_IRQHandler
                0x080012d8                USART1_IRQHandler
                0x080012d8                OTG_FS_IRQHandler
                0x080012d8                SPI3_IRQHandler
                0x080012d8                DMA1_Stream4_IRQHandler
                0x080012d8                I2C1_ER_IRQHandler
                0x080012d8                DMA2_Stream6_IRQHandler
                0x080012d8                RTC_Alarm_IRQHandler
 *fill*         0x080012da        0x2 
 .text.HAL_Init
                0x080012dc       0x44 ./Drivers/STM32F4xx_HAL_Driver/Src/stm32f4xx_hal.o
                0x080012dc                HAL_Init
 .text.HAL_InitTick
                0x08001320       0x60 ./Drivers/STM32F4xx_HAL_Driver/Src/stm32f4xx_hal.o
                0x08001320                HAL_InitTick
 .text.HAL_IncTick
                0x08001380       0x28 ./Drivers/STM32F4xx_HAL_Driver/Src/stm32f4xx_hal.o
                0x08001380                HAL_IncTick
 .text.HAL_GetTick
                0x080013a8       0x18 ./Drivers/STM32F4xx_HAL_Driver/Src/stm32f4xx_hal.o
                0x080013a8                HAL_GetTick
 .text.__NVIC_SetPriorityGrouping
                0x080013c0       0x48 ./Drivers/STM32F4xx_HAL_Driver/Src/stm32f4xx_hal_cortex.o
 .text.__NVIC_GetPriorityGrouping
                0x08001408       0x1c ./Drivers/STM32F4xx_HAL_Driver/Src/stm32f4xx_hal_cortex.o
 .text.__NVIC_EnableIRQ
                0x08001424       0x3c ./Drivers/STM32F4xx_HAL_Driver/Src/stm32f4xx_hal_cortex.o
 .text.__NVIC_SetPriority
                0x08001460       0x54 ./Drivers/STM32F4xx_HAL_Driver/Src/stm32f4xx_hal_cortex.o
 .text.NVIC_EncodePriority
                0x080014b4       0x66 ./Drivers/STM32F4xx_HAL_Driver/Src/stm32f4xx_hal_cortex.o
 *fill*         0x0800151a        0x2 
 .text.SysTick_Config
                0x0800151c       0x44 ./Drivers/STM32F4xx_HAL_Driver/Src/stm32f4xx_hal_cortex.o
 .text.HAL_NVIC_SetPriorityGrouping
                0x08001560       0x16 ./Drivers/STM32F4xx_HAL_Driver/Src/stm32f4xx_hal_cortex.o
                0x08001560                HAL_NVIC_SetPriorityGrouping
 .text.HAL_NVIC_SetPriority
                0x08001576       0x38 ./Drivers/STM32F4xx_HAL_Driver/Src/stm32f4xx_hal_cortex.o
                0x08001576                HAL_NVIC_SetPriority
 .text.HAL_NVIC_EnableIRQ
                0x080015ae       0x1c ./Drivers/STM32F4xx_HAL_Driver/Src/stm32f4xx_hal_cortex.o
                0x080015ae                HAL_NVIC_EnableIRQ
 .text.HAL_SYSTICK_Config
                0x080015ca       0x18 ./Drivers/STM32F4xx_HAL_Driver/Src/stm32f4xx_hal_cortex.o
                0x080015ca                HAL_SYSTICK_Config
 *fill*         0x080015e2        0x2 
 .text.HAL_GPIO_Init
                0x080015e4      0x338 ./Drivers/STM32F4xx_HAL_Driver/Src/stm32f4xx_hal_gpio.o
                0x080015e4                HAL_GPIO_Init
 .text.HAL_GPIO_WritePin
                0x0800191c       0x32 ./Drivers/STM32F4xx_HAL_Driver/Src/stm32f4xx_hal_gpio.o
                0x0800191c                HAL_GPIO_WritePin
 *fill*         0x0800194e        0x2 
 .text.HAL_RCC_OscConfig
                0x08001950      0x4f0 ./Drivers/STM32F4xx_HAL_Driver/Src/stm32f4xx_hal_rcc.o
                0x08001950                HAL_RCC_OscConfig
 .text.HAL_RCC_ClockConfig
                0x08001e40      0x1cc ./Drivers/STM32F4xx_HAL_Driver/Src/stm32f4xx_hal_rcc.o
                0x08001e40                HAL_RCC_ClockConfig
 .text.HAL_RCC_GetSysClockFreq
                0x0800200c      0x20c ./Drivers/STM32F4xx_HAL_Driver/Src/stm32f4xx_hal_rcc.o
                0x0800200c                HAL_RCC_GetSysClockFreq
 .text.HAL_SPI_Init
                0x08002218      0x112 ./Drivers/STM32F4xx_HAL_Driver/Src/stm32f4xx_hal_spi.o
                0x08002218                HAL_SPI_Init
 .text.HAL_SPI_Transmit
                0x0800232a      0x286 ./Drivers/STM32F4xx_HAL_Driver/Src/stm32f4xx_hal_spi.o
                0x0800232a                HAL_SPI_Transmit
 .text.HAL_SPI_Receive
                0x080025b0      0x230 ./Drivers/STM32F4xx_HAL_Driver/Src/stm32f4xx_hal_spi.o
                0x080025b0                HAL_SPI_Receive
 .text.HAL_SPI_TransmitReceive
                0x080027e0      0x360 ./Drivers/STM32F4xx_HAL_Driver/Src/stm32f4xx_hal_spi.o
                0x080027e0                HAL_SPI_TransmitReceive
 .text.SPI_WaitFlagStateUntilTimeout
                0x08002b40      0x110 ./Drivers/STM32F4xx_HAL_Driver/Src/stm32f4xx_hal_spi.o
 .text.SPI_EndRxTransaction
                0x08002c50       0xca ./Drivers/STM32F4xx_HAL_Driver/Src/stm32f4xx_hal_spi.o
 *fill*         0x08002d1a        0x2 
 .text.SPI_EndRxTxTransaction
                0x08002d1c       0xa8 ./Drivers/STM32F4xx_HAL_Driver/Src/stm32f4xx_hal_spi.o
 .text.HAL_TIM_Base_Init
                0x08002dc4       0x9e ./Drivers/STM32F4xx_HAL_Driver/Src/stm32f4xx_hal_tim.o
                0x08002dc4                HAL_TIM_Base_Init
 *fill*         0x08002e62        0x2 
 .text.HAL_TIM_Base_Start_IT
                0x08002e64       0xe0 ./Drivers/STM32F4xx_HAL_Driver/Src/stm32f4xx_hal_tim.o
                0x08002e64                HAL_TIM_Base_Start_IT
 .text.HAL_TIM_IRQHandler
                0x08002f44      0x1e0 ./Drivers/STM32F4xx_HAL_Driver/Src/stm32f4xx_hal_tim.o
                0x08002f44                HAL_TIM_IRQHandler
 .text.HAL_TIM_ConfigClockSource
                0x08003124      0x18e ./Drivers/STM32F4xx_HAL_Driver/Src/stm32f4xx_hal_tim.o
                0x08003124                HAL_TIM_ConfigClockSource
 .text.HAL_TIM_OC_DelayElapsedCallback
                0x080032b2       0x14 ./Drivers/STM32F4xx_HAL_Driver/Src/stm32f4xx_hal_tim.o
                0x080032b2                HAL_TIM_OC_DelayElapsedCallback
 .text.HAL_TIM_IC_CaptureCallback
                0x080032c6       0x14 ./Drivers/STM32F4xx_HAL_Driver/Src/stm32f4xx_hal_tim.o
                0x080032c6                HAL_TIM_IC_CaptureCallback
 .text.HAL_TIM_PWM_PulseFinishedCallback
                0x080032da       0x14 ./Drivers/STM32F4xx_HAL_Driver/Src/stm32f4xx_hal_tim.o
                0x080032da                HAL_TIM_PWM_PulseFinishedCallback
 .text.HAL_TIM_TriggerCallback
                0x080032ee       0x14 ./Drivers/STM32F4xx_HAL_Driver/Src/stm32f4xx_hal_tim.o
                0x080032ee                HAL_TIM_TriggerCallback
 *fill*         0x08003302        0x2 
 .text.TIM_Base_SetConfig
                0x08003304      0x158 ./Drivers/STM32F4xx_HAL_Driver/Src/stm32f4xx_hal_tim.o
                0x08003304                TIM_Base_SetConfig
 .text.TIM_TI1_ConfigInputStage
                0x0800345c       0x5e ./Drivers/STM32F4xx_HAL_Driver/Src/stm32f4xx_hal_tim.o
 .text.TIM_TI2_ConfigInputStage
                0x080034ba       0x60 ./Drivers/STM32F4xx_HAL_Driver/Src/stm32f4xx_hal_tim.o
 .text.TIM_ITRx_SetConfig
                0x0800351a       0x36 ./Drivers/STM32F4xx_HAL_Driver/Src/stm32f4xx_hal_tim.o
 .text.TIM_ETR_SetConfig
                0x08003550       0x40 ./Drivers/STM32F4xx_HAL_Driver/Src/stm32f4xx_hal_tim.o
                0x08003550                TIM_ETR_SetConfig
 .text.HAL_TIMEx_MasterConfigSynchronization
                0x08003590       0xf8 ./Drivers/STM32F4xx_HAL_Driver/Src/stm32f4xx_hal_tim_ex.o
                0x08003590                HAL_TIMEx_MasterConfigSynchronization
 .text.HAL_TIMEx_CommutCallback
                0x08003688       0x14 ./Drivers/STM32F4xx_HAL_Driver/Src/stm32f4xx_hal_tim_ex.o
                0x08003688                HAL_TIMEx_CommutCallback
 .text.HAL_TIMEx_BreakCallback
                0x0800369c       0x14 ./Drivers/STM32F4xx_HAL_Driver/Src/stm32f4xx_hal_tim_ex.o
                0x0800369c                HAL_TIMEx_BreakCallback
 .text.memset   0x080036b0       0x10 /Applications/STM32CubeIDE.app/Contents/Eclipse/plugins/com.st.stm32cube.ide.mcu.externaltools.gnu-tools-for-stm32.12.3.rel1.macos64_1.0.100.202403111906/tools/bin/../lib/gcc/arm-none-eabi/12.3.1/../../../../arm-none-eabi/lib/thumb/v7e-m+fp/hard/libc_nano.a(libc_a-memset.o)
                0x080036b0                memset
 .text.__libc_init_array
                0x080036c0       0x48 /Applications/STM32CubeIDE.app/Contents/Eclipse/plugins/com.st.stm32cube.ide.mcu.externaltools.gnu-tools-for-stm32.12.3.rel1.macos64_1.0.100.202403111906/tools/bin/../lib/gcc/arm-none-eabi/12.3.1/../../../../arm-none-eabi/lib/thumb/v7e-m+fp/hard/libc_nano.a(libc_a-init.o)
                0x080036c0                __libc_init_array
 *(.glue_7)
 .glue_7        0x08003708        0x0 linker stubs
 *(.glue_7t)
 .glue_7t       0x08003708        0x0 linker stubs
 *(.eh_frame)
 .eh_frame      0x08003708        0x0 /Applications/STM32CubeIDE.app/Contents/Eclipse/plugins/com.st.stm32cube.ide.mcu.externaltools.gnu-tools-for-stm32.12.3.rel1.macos64_1.0.100.202403111906/tools/bin/../lib/gcc/arm-none-eabi/12.3.1/thumb/v7e-m+fp/hard/crtbegin.o
 *(.init)
 .init          0x08003708        0x4 /Applications/STM32CubeIDE.app/Contents/Eclipse/plugins/com.st.stm32cube.ide.mcu.externaltools.gnu-tools-for-stm32.12.3.rel1.macos64_1.0.100.202403111906/tools/bin/../lib/gcc/arm-none-eabi/12.3.1/thumb/v7e-m+fp/hard/crti.o
                0x08003708                _init
 .init          0x0800370c        0x8 /Applications/STM32CubeIDE.app/Contents/Eclipse/plugins/com.st.stm32cube.ide.mcu.externaltools.gnu-tools-for-stm32.12.3.rel1.macos64_1.0.100.202403111906/tools/bin/../lib/gcc/arm-none-eabi/12.3.1/thumb/v7e-m+fp/hard/crtn.o
 *(.fini)
 .fini          0x08003714        0x4 /Applications/STM32CubeIDE.app/Contents/Eclipse/plugins/com.st.stm32cube.ide.mcu.externaltools.gnu-tools-for-stm32.12.3.rel1.macos64_1.0.100.202403111906/tools/bin/../lib/gcc/arm-none-eabi/12.3.1/thumb/v7e-m+fp/hard/crti.o
                0x08003714                _fini
 .fini          0x08003718        0x8 /Applications/STM32CubeIDE.app/Contents/Eclipse/plugins/com.st.stm32cube.ide.mcu.externaltools.gnu-tools-for-stm32.12.3.rel1.macos64_1.0.100.202403111906/tools/bin/../lib/gcc/arm-none-eabi/12.3.1/thumb/v7e-m+fp/hard/crtn.o
                0x08003720                        . = ALIGN (0x4)
                0x08003720                        _etext = .

.vfp11_veneer   0x08003720        0x0
 .vfp11_veneer  0x08003720        0x0 linker stubs

.v4_bx          0x08003720        0x0
 .v4_bx         0x08003720        0x0 linker stubs

.iplt           0x08003720        0x0
 .iplt          0x08003720        0x0 /Applications/STM32CubeIDE.app/Contents/Eclipse/plugins/com.st.stm32cube.ide.mcu.externaltools.gnu-tools-for-stm32.12.3.rel1.macos64_1.0.100.202403111906/tools/bin/../lib/gcc/arm-none-eabi/12.3.1/thumb/v7e-m+fp/hard/crtbegin.o

.rodata         0x08003720       0x10
                0x08003720                        . = ALIGN (0x4)
 *(.rodata)
 *(.rodata*)
 .rodata.AHBPrescTable
                0x08003720       0x10 ./Core/Src/system_stm32f4xx.o
                0x08003720                AHBPrescTable
                0x08003730                        . = ALIGN (0x4)

.ARM.extab      0x08003730        0x0
                0x08003730                        . = ALIGN (0x4)
 *(.ARM.extab* .gnu.linkonce.armextab.*)
                0x08003730                        . = ALIGN (0x4)

.ARM            0x08003730        0x8
                0x08003730                        . = ALIGN (0x4)
                0x08003730                        __exidx_start = .
 *(.ARM.exidx*)
 .ARM.exidx     0x08003730        0x8 /Applications/STM32CubeIDE.app/Contents/Eclipse/plugins/com.st.stm32cube.ide.mcu.externaltools.gnu-tools-for-stm32.12.3.rel1.macos64_1.0.100.202403111906/tools/bin/../lib/gcc/arm-none-eabi/12.3.1/thumb/v7e-m+fp/hard/libgcc.a(_udivmoddi4.o)
                0x08003738                        __exidx_end = .
                0x08003738                        . = ALIGN (0x4)

.rel.dyn        0x08003738        0x0
 .rel.iplt      0x08003738        0x0 /Applications/STM32CubeIDE.app/Contents/Eclipse/plugins/com.st.stm32cube.ide.mcu.externaltools.gnu-tools-for-stm32.12.3.rel1.macos64_1.0.100.202403111906/tools/bin/../lib/gcc/arm-none-eabi/12.3.1/thumb/v7e-m+fp/hard/crtbegin.o

.preinit_array  0x08003738        0x0
                0x08003738                        . = ALIGN (0x4)
                0x08003738                        PROVIDE (__preinit_array_start = .)
 *(.preinit_array*)
                0x08003738                        PROVIDE (__preinit_array_end = .)
                0x08003738                        . = ALIGN (0x4)

.init_array     0x08003738        0x4
                0x08003738                        . = ALIGN (0x4)
                0x08003738                        PROVIDE (__init_array_start = .)
 *(SORT_BY_NAME(.init_array.*))
 *(.init_array*)
 .init_array    0x08003738        0x4 /Applications/STM32CubeIDE.app/Contents/Eclipse/plugins/com.st.stm32cube.ide.mcu.externaltools.gnu-tools-for-stm32.12.3.rel1.macos64_1.0.100.202403111906/tools/bin/../lib/gcc/arm-none-eabi/12.3.1/thumb/v7e-m+fp/hard/crtbegin.o
                0x0800373c                        PROVIDE (__init_array_end = .)
                0x0800373c                        . = ALIGN (0x4)

.fini_array     0x0800373c        0x4
                0x0800373c                        . = ALIGN (0x4)
                [!provide]                        PROVIDE (__fini_array_start = .)
 *(SORT_BY_NAME(.fini_array.*))
 *(.fini_array*)
 .fini_array    0x0800373c        0x4 /Applications/STM32CubeIDE.app/Contents/Eclipse/plugins/com.st.stm32cube.ide.mcu.externaltools.gnu-tools-for-stm32.12.3.rel1.macos64_1.0.100.202403111906/tools/bin/../lib/gcc/arm-none-eabi/12.3.1/thumb/v7e-m+fp/hard/crtbegin.o
                [!provide]                        PROVIDE (__fini_array_end = .)
                0x08003740                        . = ALIGN (0x4)
                0x08003740                        _sidata = LOADADDR (.data)

.data           0x20000000       0x1c load address 0x08003740
                0x20000000                        . = ALIGN (0x4)
                0x20000000                        _sdata = .
 *(.data)
 *(.data*)
 .data.led_7seg
                0x20000000        0x4 ./Core/Src/led7Seg.o
                0x20000000                led_7seg
 .data.led_7seg_map_of_output
                0x20000004        0xa ./Core/Src/led7Seg.o
                0x20000004                led_7seg_map_of_output
 .data.spi_buffer
                0x2000000e        0x2 ./Core/Src/led7Seg.o
                0x2000000e                spi_buffer
 .data.SystemCoreClock
                0x20000010        0x4 ./Core/Src/system_stm32f4xx.o
                0x20000010                SystemCoreClock
 .data.uwTickPrio
                0x20000014        0x4 ./Drivers/STM32F4xx_HAL_Driver/Src/stm32f4xx_hal.o
                0x20000014                uwTickPrio
 .data.uwTickFreq
                0x20000018        0x1 ./Drivers/STM32F4xx_HAL_Driver/Src/stm32f4xx_hal.o
                0x20000018                uwTickFreq
 *(.RamFunc)
 *(.RamFunc*)
                0x2000001c                        . = ALIGN (0x4)
 *fill*         0x20000019        0x3 
                0x2000001c                        _edata = .
                0x0800375c                        _siccmram = LOADADDR (.ccmram)

.igot.plt       0x2000001c        0x0 load address 0x0800375c
 .igot.plt      0x2000001c        0x0 /Applications/STM32CubeIDE.app/Contents/Eclipse/plugins/com.st.stm32cube.ide.mcu.externaltools.gnu-tools-for-stm32.12.3.rel1.macos64_1.0.100.202403111906/tools/bin/../lib/gcc/arm-none-eabi/12.3.1/thumb/v7e-m+fp/hard/crtbegin.o

.ccmram         0x10000000        0x0 load address 0x0800375c
                0x10000000                        . = ALIGN (0x4)
                0x10000000                        _sccmram = .
 *(.ccmram)
 *(.ccmram*)
                0x10000000                        . = ALIGN (0x4)
                0x10000000                        _eccmram = .
                0x10000000                        . = ALIGN (0x4)

.bss            0x2000001c      0x100
                0x2000001c                        _sbss = .
                0x2000001c                        __bss_start__ = _sbss
 *(.bss)
 .bss           0x2000001c       0x1c /Applications/STM32CubeIDE.app/Contents/Eclipse/plugins/com.st.stm32cube.ide.mcu.externaltools.gnu-tools-for-stm32.12.3.rel1.macos64_1.0.100.202403111906/tools/bin/../lib/gcc/arm-none-eabi/12.3.1/thumb/v7e-m+fp/hard/crtbegin.o
 *(.bss*)
 .bss.button_count
                0x20000038       0x20 ./Core/Src/button.o
                0x20000038                button_count
 .bss.button_spi_buffer
                0x20000058        0x2 ./Core/Src/button.o
 .bss.status    0x2000005a        0x1 ./Core/Src/clock.o
                0x2000005a                status
 .bss.counter   0x2000005b        0x1 ./Core/Src/clock.o
                0x2000005b                counter
 .bss.second    0x2000005c        0x4 ./Core/Src/clock.o
                0x2000005c                second
 .bss.minute    0x20000060        0x4 ./Core/Src/clock.o
                0x20000060                minute
 .bss.hour      0x20000064        0x4 ./Core/Src/clock.o
                0x20000064                hour
 .bss.toggle    0x20000068        0x4 ./Core/Src/clock.o
                0x20000068                toggle
 .bss.led_7seg_index
                0x2000006c        0x2 ./Core/Src/led7Seg.o
                0x2000006c                led_7seg_index
 *fill*         0x2000006e        0x2 
 .bss.timer2_counter
                0x20000070        0x4 ./Core/Src/softwareTimer.o
                0x20000070                timer2_counter
 .bss.timer2_flag
                0x20000074        0x1 ./Core/Src/softwareTimer.o
                0x20000074                timer2_flag
 *fill*         0x20000075        0x3 
 .bss.hspi1     0x20000078       0x58 ./Core/Src/spi.o
                0x20000078                hspi1
 .bss.htim2     0x200000d0       0x48 ./Core/Src/tim.o
                0x200000d0                htim2
 .bss.uwTick    0x20000118        0x4 ./Drivers/STM32F4xx_HAL_Driver/Src/stm32f4xx_hal.o
                0x20000118                uwTick
 *(COMMON)
                0x2000011c                        . = ALIGN (0x4)
                0x2000011c                        _ebss = .
                0x2000011c                        __bss_end__ = _ebss

._user_heap_stack
                0x2000011c      0x604
                0x20000120                        . = ALIGN (0x8)
 *fill*         0x2000011c        0x4 
                [!provide]                        PROVIDE (end = .)
                0x20000120                        PROVIDE (_end = .)
                0x20000320                        . = (. + _Min_Heap_Size)
 *fill*         0x20000120      0x200 
                0x20000720                        . = (. + _Min_Stack_Size)
 *fill*         0x20000320      0x400 
                0x20000720                        . = ALIGN (0x8)

/DISCARD/
 libc.a(*)
 libm.a(*)
 libgcc.a(*)

.ARM.attributes
                0x00000000       0x30
 *(.ARM.attributes)
 .ARM.attributes
                0x00000000       0x22 /Applications/STM32CubeIDE.app/Contents/Eclipse/plugins/com.st.stm32cube.ide.mcu.externaltools.gnu-tools-for-stm32.12.3.rel1.macos64_1.0.100.202403111906/tools/bin/../lib/gcc/arm-none-eabi/12.3.1/thumb/v7e-m+fp/hard/crti.o
 .ARM.attributes
                0x00000022       0x34 /Applications/STM32CubeIDE.app/Contents/Eclipse/plugins/com.st.stm32cube.ide.mcu.externaltools.gnu-tools-for-stm32.12.3.rel1.macos64_1.0.100.202403111906/tools/bin/../lib/gcc/arm-none-eabi/12.3.1/thumb/v7e-m+fp/hard/crtbegin.o
 .ARM.attributes
                0x00000056       0x34 ./Core/Src/button.o
 .ARM.attributes
                0x0000008a       0x34 ./Core/Src/clock.o
 .ARM.attributes
                0x000000be       0x34 ./Core/Src/gpio.o
 .ARM.attributes
                0x000000f2       0x34 ./Core/Src/led7Seg.o
 .ARM.attributes
                0x00000126       0x34 ./Core/Src/main.o
 .ARM.attributes
                0x0000015a       0x34 ./Core/Src/softwareTimer.o
 .ARM.attributes
                0x0000018e       0x34 ./Core/Src/spi.o
 .ARM.attributes
                0x000001c2       0x34 ./Core/Src/stm32f4xx_hal_msp.o
 .ARM.attributes
                0x000001f6       0x34 ./Core/Src/stm32f4xx_it.o
 .ARM.attributes
                0x0000022a       0x34 ./Core/Src/system_stm32f4xx.o
 .ARM.attributes
                0x0000025e       0x34 ./Core/Src/tim.o
 .ARM.attributes
                0x00000292       0x21 ./Core/Startup/startup_stm32f407zgtx.o
 .ARM.attributes
                0x000002b3       0x34 ./Drivers/STM32F4xx_HAL_Driver/Src/stm32f4xx_hal.o
 .ARM.attributes
                0x000002e7       0x34 ./Drivers/STM32F4xx_HAL_Driver/Src/stm32f4xx_hal_cortex.o
 .ARM.attributes
                0x0000031b       0x34 ./Drivers/STM32F4xx_HAL_Driver/Src/stm32f4xx_hal_gpio.o
 .ARM.attributes
                0x0000034f       0x34 ./Drivers/STM32F4xx_HAL_Driver/Src/stm32f4xx_hal_rcc.o
 .ARM.attributes
                0x00000383       0x34 ./Drivers/STM32F4xx_HAL_Driver/Src/stm32f4xx_hal_spi.o
 .ARM.attributes
                0x000003b7       0x34 ./Drivers/STM32F4xx_HAL_Driver/Src/stm32f4xx_hal_tim.o
 .ARM.attributes
                0x000003eb       0x34 ./Drivers/STM32F4xx_HAL_Driver/Src/stm32f4xx_hal_tim_ex.o
 .ARM.attributes
                0x0000041f       0x34 /Applications/STM32CubeIDE.app/Contents/Eclipse/plugins/com.st.stm32cube.ide.mcu.externaltools.gnu-tools-for-stm32.12.3.rel1.macos64_1.0.100.202403111906/tools/bin/../lib/gcc/arm-none-eabi/12.3.1/../../../../arm-none-eabi/lib/thumb/v7e-m+fp/hard/libc_nano.a(libc_a-memset.o)
 .ARM.attributes
                0x00000453       0x34 /Applications/STM32CubeIDE.app/Contents/Eclipse/plugins/com.st.stm32cube.ide.mcu.externaltools.gnu-tools-for-stm32.12.3.rel1.macos64_1.0.100.202403111906/tools/bin/../lib/gcc/arm-none-eabi/12.3.1/../../../../arm-none-eabi/lib/thumb/v7e-m+fp/hard/libc_nano.a(libc_a-init.o)
 .ARM.attributes
                0x00000487       0x22 /Applications/STM32CubeIDE.app/Contents/Eclipse/plugins/com.st.stm32cube.ide.mcu.externaltools.gnu-tools-for-stm32.12.3.rel1.macos64_1.0.100.202403111906/tools/bin/../lib/gcc/arm-none-eabi/12.3.1/thumb/v7e-m+fp/hard/libgcc.a(_aeabi_uldivmod.o)
 .ARM.attributes
                0x000004a9       0x34 /Applications/STM32CubeIDE.app/Contents/Eclipse/plugins/com.st.stm32cube.ide.mcu.externaltools.gnu-tools-for-stm32.12.3.rel1.macos64_1.0.100.202403111906/tools/bin/../lib/gcc/arm-none-eabi/12.3.1/thumb/v7e-m+fp/hard/libgcc.a(_udivmoddi4.o)
 .ARM.attributes
                0x000004dd       0x22 /Applications/STM32CubeIDE.app/Contents/Eclipse/plugins/com.st.stm32cube.ide.mcu.externaltools.gnu-tools-for-stm32.12.3.rel1.macos64_1.0.100.202403111906/tools/bin/../lib/gcc/arm-none-eabi/12.3.1/thumb/v7e-m+fp/hard/libgcc.a(_dvmd_tls.o)
 .ARM.attributes
                0x000004ff       0x22 /Applications/STM32CubeIDE.app/Contents/Eclipse/plugins/com.st.stm32cube.ide.mcu.externaltools.gnu-tools-for-stm32.12.3.rel1.macos64_1.0.100.202403111906/tools/bin/../lib/gcc/arm-none-eabi/12.3.1/thumb/v7e-m+fp/hard/crtn.o
OUTPUT(lab2.elf elf32-littlearm)
LOAD linker stubs
LOAD /Applications/STM32CubeIDE.app/Contents/Eclipse/plugins/com.st.stm32cube.ide.mcu.externaltools.gnu-tools-for-stm32.12.3.rel1.macos64_1.0.100.202403111906/tools/bin/../lib/gcc/arm-none-eabi/12.3.1/../../../../arm-none-eabi/lib/thumb/v7e-m+fp/hard/libc.a
LOAD /Applications/STM32CubeIDE.app/Contents/Eclipse/plugins/com.st.stm32cube.ide.mcu.externaltools.gnu-tools-for-stm32.12.3.rel1.macos64_1.0.100.202403111906/tools/bin/../lib/gcc/arm-none-eabi/12.3.1/../../../../arm-none-eabi/lib/thumb/v7e-m+fp/hard/libm.a
LOAD /Applications/STM32CubeIDE.app/Contents/Eclipse/plugins/com.st.stm32cube.ide.mcu.externaltools.gnu-tools-for-stm32.12.3.rel1.macos64_1.0.100.202403111906/tools/bin/../lib/gcc/arm-none-eabi/12.3.1/thumb/v7e-m+fp/hard/libgcc.a

.debug_info     0x00000000     0xc18b
 .debug_info    0x00000000      0x76d ./Core/Src/button.o
 .debug_info    0x0000076d      0x235 ./Core/Src/clock.o
 .debug_info    0x000009a2      0x441 ./Core/Src/gpio.o
 .debug_info    0x00000de3      0x826 ./Core/Src/led7Seg.o
 .debug_info    0x00001609      0x5f5 ./Core/Src/main.o
 .debug_info    0x00001bfe      0x739 ./Core/Src/softwareTimer.o
 .debug_info    0x00002337      0x943 ./Core/Src/spi.o
 .debug_info    0x00002c7a      0x269 ./Core/Src/stm32f4xx_hal_msp.o
 .debug_info    0x00002ee3      0x6e1 ./Core/Src/stm32f4xx_it.o
 .debug_info    0x000035c4      0x512 ./Core/Src/system_stm32f4xx.o
 .debug_info    0x00003ad6      0xc03 ./Core/Src/tim.o
 .debug_info    0x000046d9       0x30 ./Core/Startup/startup_stm32f407zgtx.o
 .debug_info    0x00004709      0x944 ./Drivers/STM32F4xx_HAL_Driver/Src/stm32f4xx_hal.o
 .debug_info    0x0000504d      0xd57 ./Drivers/STM32F4xx_HAL_Driver/Src/stm32f4xx_hal_cortex.o
 .debug_info    0x00005da4      0x6c3 ./Drivers/STM32F4xx_HAL_Driver/Src/stm32f4xx_hal_gpio.o
 .debug_info    0x00006467      0x8b1 ./Drivers/STM32F4xx_HAL_Driver/Src/stm32f4xx_hal_rcc.o
 .debug_info    0x00006d18     0x15fb ./Drivers/STM32F4xx_HAL_Driver/Src/stm32f4xx_hal_spi.o
 .debug_info    0x00008313     0x299d ./Drivers/STM32F4xx_HAL_Driver/Src/stm32f4xx_hal_tim.o
 .debug_info    0x0000acb0     0x14db ./Drivers/STM32F4xx_HAL_Driver/Src/stm32f4xx_hal_tim_ex.o

.debug_abbrev   0x00000000     0x2343
 .debug_abbrev  0x00000000      0x1ce ./Core/Src/button.o
 .debug_abbrev  0x000001ce      0x155 ./Core/Src/clock.o
 .debug_abbrev  0x00000323      0x152 ./Core/Src/gpio.o
 .debug_abbrev  0x00000475      0x1cc ./Core/Src/led7Seg.o
 .debug_abbrev  0x00000641      0x221 ./Core/Src/main.o
 .debug_abbrev  0x00000862      0x20a ./Core/Src/softwareTimer.o
 .debug_abbrev  0x00000a6c      0x1f3 ./Core/Src/spi.o
 .debug_abbrev  0x00000c5f       0xd8 ./Core/Src/stm32f4xx_hal_msp.o
 .debug_abbrev  0x00000d37      0x192 ./Core/Src/stm32f4xx_it.o
 .debug_abbrev  0x00000ec9      0x11a ./Core/Src/system_stm32f4xx.o
 .debug_abbrev  0x00000fe3      0x1f7 ./Core/Src/tim.o
 .debug_abbrev  0x000011da       0x24 ./Core/Startup/startup_stm32f407zgtx.o
 .debug_abbrev  0x000011fe      0x214 ./Drivers/STM32F4xx_HAL_Driver/Src/stm32f4xx_hal.o
 .debug_abbrev  0x00001412      0x328 ./Drivers/STM32F4xx_HAL_Driver/Src/stm32f4xx_hal_cortex.o
 .debug_abbrev  0x0000173a      0x1d4 ./Drivers/STM32F4xx_HAL_Driver/Src/stm32f4xx_hal_gpio.o
 .debug_abbrev  0x0000190e      0x2b6 ./Drivers/STM32F4xx_HAL_Driver/Src/stm32f4xx_hal_rcc.o
 .debug_abbrev  0x00001bc4      0x284 ./Drivers/STM32F4xx_HAL_Driver/Src/stm32f4xx_hal_spi.o
 .debug_abbrev  0x00001e48      0x278 ./Drivers/STM32F4xx_HAL_Driver/Src/stm32f4xx_hal_tim.o
 .debug_abbrev  0x000020c0      0x283 ./Drivers/STM32F4xx_HAL_Driver/Src/stm32f4xx_hal_tim_ex.o

.debug_aranges  0x00000000      0xca0
 .debug_aranges
                0x00000000       0x28 ./Core/Src/button.o
 .debug_aranges
                0x00000028       0x58 ./Core/Src/clock.o
 .debug_aranges
                0x00000080       0x20 ./Core/Src/gpio.o
 .debug_aranges
                0x000000a0       0x50 ./Core/Src/led7Seg.o
 .debug_aranges
                0x000000f0       0x40 ./Core/Src/main.o
 .debug_aranges
                0x00000130       0x40 ./Core/Src/softwareTimer.o
 .debug_aranges
                0x00000170       0x30 ./Core/Src/spi.o
 .debug_aranges
                0x000001a0       0x20 ./Core/Src/stm32f4xx_hal_msp.o
 .debug_aranges
                0x000001c0       0x68 ./Core/Src/stm32f4xx_it.o
 .debug_aranges
                0x00000228       0x28 ./Core/Src/system_stm32f4xx.o
 .debug_aranges
                0x00000250       0x30 ./Core/Src/tim.o
 .debug_aranges
                0x00000280       0x28 ./Core/Startup/startup_stm32f407zgtx.o
 .debug_aranges
                0x000002a8       0xf0 ./Drivers/STM32F4xx_HAL_Driver/Src/stm32f4xx_hal.o
 .debug_aranges
                0x00000398      0x120 ./Drivers/STM32F4xx_HAL_Driver/Src/stm32f4xx_hal_cortex.o
 .debug_aranges
                0x000004b8       0x58 ./Drivers/STM32F4xx_HAL_Driver/Src/stm32f4xx_hal_gpio.o
 .debug_aranges
                0x00000510       0x88 ./Drivers/STM32F4xx_HAL_Driver/Src/stm32f4xx_hal_rcc.o
 .debug_aranges
                0x00000598      0x1d0 ./Drivers/STM32F4xx_HAL_Driver/Src/stm32f4xx_hal_spi.o
 .debug_aranges
                0x00000768      0x3d0 ./Drivers/STM32F4xx_HAL_Driver/Src/stm32f4xx_hal_tim.o
 .debug_aranges
                0x00000b38      0x168 ./Drivers/STM32F4xx_HAL_Driver/Src/stm32f4xx_hal_tim_ex.o

.debug_rnglists
                0x00000000      0x9a3
 .debug_rnglists
                0x00000000       0x1a ./Core/Src/button.o
 .debug_rnglists
                0x0000001a       0x41 ./Core/Src/clock.o
 .debug_rnglists
                0x0000005b       0x14 ./Core/Src/gpio.o
 .debug_rnglists
                0x0000006f       0x38 ./Core/Src/led7Seg.o
 .debug_rnglists
                0x000000a7       0x2c ./Core/Src/main.o
 .debug_rnglists
                0x000000d3       0x2b ./Core/Src/softwareTimer.o
 .debug_rnglists
                0x000000fe       0x20 ./Core/Src/spi.o
 .debug_rnglists
                0x0000011e       0x13 ./Core/Src/stm32f4xx_hal_msp.o
 .debug_rnglists
                0x00000131       0x49 ./Core/Src/stm32f4xx_it.o
 .debug_rnglists
                0x0000017a       0x1a ./Core/Src/system_stm32f4xx.o
 .debug_rnglists
                0x00000194       0x20 ./Core/Src/tim.o
 .debug_rnglists
                0x000001b4       0x19 ./Core/Startup/startup_stm32f407zgtx.o
 .debug_rnglists
                0x000001cd       0xaf ./Drivers/STM32F4xx_HAL_Driver/Src/stm32f4xx_hal.o
 .debug_rnglists
                0x0000027c       0xd4 ./Drivers/STM32F4xx_HAL_Driver/Src/stm32f4xx_hal_cortex.o
 .debug_rnglists
                0x00000350       0x3f ./Drivers/STM32F4xx_HAL_Driver/Src/stm32f4xx_hal_gpio.o
 .debug_rnglists
                0x0000038f       0x66 ./Drivers/STM32F4xx_HAL_Driver/Src/stm32f4xx_hal_rcc.o
 .debug_rnglists
                0x000003f5      0x16f ./Drivers/STM32F4xx_HAL_Driver/Src/stm32f4xx_hal_spi.o
 .debug_rnglists
                0x00000564      0x31a ./Drivers/STM32F4xx_HAL_Driver/Src/stm32f4xx_hal_tim.o
 .debug_rnglists
                0x0000087e      0x125 ./Drivers/STM32F4xx_HAL_Driver/Src/stm32f4xx_hal_tim_ex.o

.debug_macro    0x00000000    0x20e16
 .debug_macro   0x00000000      0x1fb ./Core/Src/button.o
 .debug_macro   0x000001fb      0xab4 ./Core/Src/button.o
 .debug_macro   0x00000caf       0x22 ./Core/Src/button.o
 .debug_macro   0x00000cd1       0x8e ./Core/Src/button.o
 .debug_macro   0x00000d5f       0x51 ./Core/Src/button.o
 .debug_macro   0x00000db0      0x103 ./Core/Src/button.o
 .debug_macro   0x00000eb3       0x6a ./Core/Src/button.o
 .debug_macro   0x00000f1d      0x1df ./Core/Src/button.o
 .debug_macro   0x000010fc      0x29b ./Core/Src/button.o
 .debug_macro   0x00001397       0x2e ./Core/Src/button.o
 .debug_macro   0x000013c5       0x2f ./Core/Src/button.o
 .debug_macro   0x000013f4       0x1c ./Core/Src/button.o
 .debug_macro   0x00001410       0x22 ./Core/Src/button.o
 .debug_macro   0x00001432       0xfb ./Core/Src/button.o
 .debug_macro   0x0000152d     0x1011 ./Core/Src/button.o
 .debug_macro   0x0000253e      0x11f ./Core/Src/button.o
 .debug_macro   0x0000265d    0x15e97 ./Core/Src/button.o
 .debug_macro   0x000184f4       0x6d ./Core/Src/button.o
 .debug_macro   0x00018561     0x368c ./Core/Src/button.o
 .debug_macro   0x0001bbed      0x189 ./Core/Src/button.o
 .debug_macro   0x0001bd76       0x5c ./Core/Src/button.o
 .debug_macro   0x0001bdd2      0x980 ./Core/Src/button.o
 .debug_macro   0x0001c752      0x9e9 ./Core/Src/button.o
 .debug_macro   0x0001d13b      0x115 ./Core/Src/button.o
 .debug_macro   0x0001d250      0x13e ./Core/Src/button.o
 .debug_macro   0x0001d38e       0xa5 ./Core/Src/button.o
 .debug_macro   0x0001d433      0x174 ./Core/Src/button.o
 .debug_macro   0x0001d5a7      0x287 ./Core/Src/button.o
 .debug_macro   0x0001d82e       0x5f ./Core/Src/button.o
 .debug_macro   0x0001d88d      0x236 ./Core/Src/button.o
 .debug_macro   0x0001dac3      0x12c ./Core/Src/button.o
 .debug_macro   0x0001dbef      0x21e ./Core/Src/button.o
 .debug_macro   0x0001de0d       0x2e ./Core/Src/button.o
 .debug_macro   0x0001de3b      0x127 ./Core/Src/button.o
 .debug_macro   0x0001df62       0x7e ./Core/Src/button.o
 .debug_macro   0x0001dfe0       0x89 ./Core/Src/button.o
 .debug_macro   0x0001e069      0x225 ./Core/Src/button.o
 .debug_macro   0x0001e28e      0x8ed ./Core/Src/button.o
 .debug_macro   0x0001eb7b       0x4d ./Core/Src/button.o
 .debug_macro   0x0001ebc8      0x12d ./Core/Src/button.o
 .debug_macro   0x0001ecf5       0x28 ./Core/Src/button.o
 .debug_macro   0x0001ed1d      0x214 ./Core/Src/clock.o
 .debug_macro   0x0001ef31       0x1c ./Core/Src/clock.o
 .debug_macro   0x0001ef4d      0x1e7 ./Core/Src/gpio.o
 .debug_macro   0x0001f134      0x1f1 ./Core/Src/led7Seg.o
 .debug_macro   0x0001f325      0x22e ./Core/Src/main.o
 .debug_macro   0x0001f553       0x22 ./Core/Src/main.o
 .debug_macro   0x0001f575      0x205 ./Core/Src/softwareTimer.o
 .debug_macro   0x0001f77a      0x1e7 ./Core/Src/spi.o
 .debug_macro   0x0001f961      0x1dd ./Core/Src/stm32f4xx_hal_msp.o
 .debug_macro   0x0001fb3e      0x1e7 ./Core/Src/stm32f4xx_it.o
 .debug_macro   0x0001fd25      0x1ce ./Core/Src/system_stm32f4xx.o
 .debug_macro   0x0001fef3      0x1e7 ./Core/Src/tim.o
 .debug_macro   0x000200da      0x22e ./Drivers/STM32F4xx_HAL_Driver/Src/stm32f4xx_hal.o
 .debug_macro   0x00020308      0x1ce ./Drivers/STM32F4xx_HAL_Driver/Src/stm32f4xx_hal_cortex.o
 .debug_macro   0x000204d6      0x1d4 ./Drivers/STM32F4xx_HAL_Driver/Src/stm32f4xx_hal_gpio.o
 .debug_macro   0x000206aa      0x1f2 ./Drivers/STM32F4xx_HAL_Driver/Src/stm32f4xx_hal_rcc.o
 .debug_macro   0x0002089c      0x1dd ./Drivers/STM32F4xx_HAL_Driver/Src/stm32f4xx_hal_spi.o
 .debug_macro   0x00020a79      0x1cf ./Drivers/STM32F4xx_HAL_Driver/Src/stm32f4xx_hal_tim.o
 .debug_macro   0x00020c48      0x1ce ./Drivers/STM32F4xx_HAL_Driver/Src/stm32f4xx_hal_tim_ex.o

.debug_line     0x00000000     0xf117
 .debug_line    0x00000000      0x768 ./Core/Src/button.o
 .debug_line    0x00000768      0x90c ./Core/Src/clock.o
 .debug_line    0x00001074      0x710 ./Core/Src/gpio.o
 .debug_line    0x00001784      0x7fb ./Core/Src/led7Seg.o
 .debug_line    0x00001f7f      0x7e7 ./Core/Src/main.o
 .debug_line    0x00002766      0x780 ./Core/Src/softwareTimer.o
 .debug_line    0x00002ee6      0x754 ./Core/Src/spi.o
 .debug_line    0x0000363a      0x6e3 ./Core/Src/stm32f4xx_hal_msp.o
 .debug_line    0x00003d1d      0x7bd ./Core/Src/stm32f4xx_it.o
 .debug_line    0x000044da      0x767 ./Core/Src/system_stm32f4xx.o
 .debug_line    0x00004c41      0x750 ./Core/Src/tim.o
 .debug_line    0x00005391       0x7a ./Core/Startup/startup_stm32f407zgtx.o
 .debug_line    0x0000540b      0x9d0 ./Drivers/STM32F4xx_HAL_Driver/Src/stm32f4xx_hal.o
 .debug_line    0x00005ddb      0xc98 ./Drivers/STM32F4xx_HAL_Driver/Src/stm32f4xx_hal_cortex.o
 .debug_line    0x00006a73      0xb5c ./Drivers/STM32F4xx_HAL_Driver/Src/stm32f4xx_hal_gpio.o
 .debug_line    0x000075cf      0xd43 ./Drivers/STM32F4xx_HAL_Driver/Src/stm32f4xx_hal_rcc.o
 .debug_line    0x00008312     0x1ccb ./Drivers/STM32F4xx_HAL_Driver/Src/stm32f4xx_hal_spi.o
 .debug_line    0x00009fdd     0x3774 ./Drivers/STM32F4xx_HAL_Driver/Src/stm32f4xx_hal_tim.o
 .debug_line    0x0000d751     0x19c6 ./Drivers/STM32F4xx_HAL_Driver/Src/stm32f4xx_hal_tim_ex.o

.debug_str      0x00000000    0xc6cae
 .debug_str     0x00000000    0xc3743 ./Core/Src/button.o
                              0xc3a12 (size before relaxing)
 .debug_str     0x000c3743      0x128 ./Core/Src/clock.o
                              0xc35fb (size before relaxing)
 .debug_str     0x000c386b      0x162 ./Core/Src/gpio.o
                              0xc3679 (size before relaxing)
 .debug_str     0x000c39cd       0xad ./Core/Src/led7Seg.o
                              0xc3a93 (size before relaxing)
 .debug_str     0x000c3a7a      0x21a ./Core/Src/main.o
                              0xc38e6 (size before relaxing)
 .debug_str     0x000c3c94      0x2f1 ./Core/Src/softwareTimer.o
                              0xc3ae8 (size before relaxing)
 .debug_str     0x000c3f85       0x5b ./Core/Src/spi.o
                              0xc3b05 (size before relaxing)
 .debug_str     0x000c3fe0       0x2c ./Core/Src/stm32f4xx_hal_msp.o
                              0xc35ae (size before relaxing)
 .debug_str     0x000c400c       0xec ./Core/Src/stm32f4xx_it.o
                              0xc3a92 (size before relaxing)
 .debug_str     0x000c40f8       0xdb ./Core/Src/system_stm32f4xx.o
                              0xc35c9 (size before relaxing)
 .debug_str     0x000c41d3      0x653 ./Core/Src/tim.o
                              0xc4183 (size before relaxing)
 .debug_str     0x000c4826       0x44 ./Core/Startup/startup_stm32f407zgtx.o
                                 0x82 (size before relaxing)
 .debug_str     0x000c486a      0x60d ./Drivers/STM32F4xx_HAL_Driver/Src/stm32f4xx_hal.o
                              0xc414d (size before relaxing)
 .debug_str     0x000c4e77      0x33a ./Drivers/STM32F4xx_HAL_Driver/Src/stm32f4xx_hal_cortex.o
                              0xc3e97 (size before relaxing)
 .debug_str     0x000c51b1      0x10e ./Drivers/STM32F4xx_HAL_Driver/Src/stm32f4xx_hal_gpio.o
                              0xc3744 (size before relaxing)
 .debug_str     0x000c52bf      0x233 ./Drivers/STM32F4xx_HAL_Driver/Src/stm32f4xx_hal_rcc.o
                              0xc39fd (size before relaxing)
 .debug_str     0x000c54f2      0x581 ./Drivers/STM32F4xx_HAL_Driver/Src/stm32f4xx_hal_spi.o
                              0xc3e8d (size before relaxing)
 .debug_str     0x000c5a73      0xda8 ./Drivers/STM32F4xx_HAL_Driver/Src/stm32f4xx_hal_tim.o
                              0xc4953 (size before relaxing)
 .debug_str     0x000c681b      0x493 ./Drivers/STM32F4xx_HAL_Driver/Src/stm32f4xx_hal_tim_ex.o
                              0xc415f (size before relaxing)

.comment        0x00000000       0x43
 .comment       0x00000000       0x43 ./Core/Src/button.o
                                 0x44 (size before relaxing)
 .comment       0x00000043       0x44 ./Core/Src/clock.o
 .comment       0x00000043       0x44 ./Core/Src/gpio.o
 .comment       0x00000043       0x44 ./Core/Src/led7Seg.o
 .comment       0x00000043       0x44 ./Core/Src/main.o
 .comment       0x00000043       0x44 ./Core/Src/softwareTimer.o
 .comment       0x00000043       0x44 ./Core/Src/spi.o
 .comment       0x00000043       0x44 ./Core/Src/stm32f4xx_hal_msp.o
 .comment       0x00000043       0x44 ./Core/Src/stm32f4xx_it.o
 .comment       0x00000043       0x44 ./Core/Src/system_stm32f4xx.o
 .comment       0x00000043       0x44 ./Core/Src/tim.o
 .comment       0x00000043       0x44 ./Drivers/STM32F4xx_HAL_Driver/Src/stm32f4xx_hal.o
 .comment       0x00000043       0x44 ./Drivers/STM32F4xx_HAL_Driver/Src/stm32f4xx_hal_cortex.o
 .comment       0x00000043       0x44 ./Drivers/STM32F4xx_HAL_Driver/Src/stm32f4xx_hal_gpio.o
 .comment       0x00000043       0x44 ./Drivers/STM32F4xx_HAL_Driver/Src/stm32f4xx_hal_rcc.o
 .comment       0x00000043       0x44 ./Drivers/STM32F4xx_HAL_Driver/Src/stm32f4xx_hal_spi.o
 .comment       0x00000043       0x44 ./Drivers/STM32F4xx_HAL_Driver/Src/stm32f4xx_hal_tim.o
 .comment       0x00000043       0x44 ./Drivers/STM32F4xx_HAL_Driver/Src/stm32f4xx_hal_tim_ex.o

.debug_frame    0x00000000     0x32c8
 .debug_frame   0x00000000       0x50 ./Core/Src/button.o
 .debug_frame   0x00000050      0x108 ./Core/Src/clock.o
 .debug_frame   0x00000158       0x34 ./Core/Src/gpio.o
 .debug_frame   0x0000018c      0x110 ./Core/Src/led7Seg.o
 .debug_frame   0x0000029c       0xa0 ./Core/Src/main.o
 .debug_frame   0x0000033c       0xb4 ./Core/Src/softwareTimer.o
 .debug_frame   0x000003f0       0x74 ./Core/Src/spi.o
 .debug_frame   0x00000464       0x38 ./Core/Src/stm32f4xx_hal_msp.o
 .debug_frame   0x0000049c      0x120 ./Core/Src/stm32f4xx_it.o
 .debug_frame   0x000005bc       0x58 ./Core/Src/system_stm32f4xx.o
 .debug_frame   0x00000614       0x7c ./Core/Src/tim.o
 .debug_frame   0x00000690      0x374 ./Drivers/STM32F4xx_HAL_Driver/Src/stm32f4xx_hal.o
 .debug_frame   0x00000a04      0x4b8 ./Drivers/STM32F4xx_HAL_Driver/Src/stm32f4xx_hal_cortex.o
 .debug_frame   0x00000ebc      0x14c ./Drivers/STM32F4xx_HAL_Driver/Src/stm32f4xx_hal_gpio.o
 .debug_frame   0x00001008      0x1f4 ./Drivers/STM32F4xx_HAL_Driver/Src/stm32f4xx_hal_rcc.o
 .debug_frame   0x000011fc      0x828 ./Drivers/STM32F4xx_HAL_Driver/Src/stm32f4xx_hal_spi.o
 .debug_frame   0x00001a24     0x11c0 ./Drivers/STM32F4xx_HAL_Driver/Src/stm32f4xx_hal_tim.o
 .debug_frame   0x00002be4      0x638 ./Drivers/STM32F4xx_HAL_Driver/Src/stm32f4xx_hal_tim_ex.o
 .debug_frame   0x0000321c       0x20 /Applications/STM32CubeIDE.app/Contents/Eclipse/plugins/com.st.stm32cube.ide.mcu.externaltools.gnu-tools-for-stm32.12.3.rel1.macos64_1.0.100.202403111906/tools/bin/../lib/gcc/arm-none-eabi/12.3.1/../../../../arm-none-eabi/lib/thumb/v7e-m+fp/hard/libc_nano.a(libc_a-memset.o)
 .debug_frame   0x0000323c       0x2c /Applications/STM32CubeIDE.app/Contents/Eclipse/plugins/com.st.stm32cube.ide.mcu.externaltools.gnu-tools-for-stm32.12.3.rel1.macos64_1.0.100.202403111906/tools/bin/../lib/gcc/arm-none-eabi/12.3.1/../../../../arm-none-eabi/lib/thumb/v7e-m+fp/hard/libc_nano.a(libc_a-init.o)
 .debug_frame   0x00003268       0x2c /Applications/STM32CubeIDE.app/Contents/Eclipse/plugins/com.st.stm32cube.ide.mcu.externaltools.gnu-tools-for-stm32.12.3.rel1.macos64_1.0.100.202403111906/tools/bin/../lib/gcc/arm-none-eabi/12.3.1/thumb/v7e-m+fp/hard/libgcc.a(_aeabi_uldivmod.o)
 .debug_frame   0x00003294       0x34 /Applications/STM32CubeIDE.app/Contents/Eclipse/plugins/com.st.stm32cube.ide.mcu.externaltools.gnu-tools-for-stm32.12.3.rel1.macos64_1.0.100.202403111906/tools/bin/../lib/gcc/arm-none-eabi/12.3.1/thumb/v7e-m+fp/hard/libgcc.a(_udivmoddi4.o)

.debug_line_str
                0x00000000       0x66
 .debug_line_str
                0x00000000       0x66 ./Core/Startup/startup_stm32f407zgtx.o
