Archive member included to satisfy reference by file (symbol)

/Applications/STM32CubeIDE.app/Contents/Eclipse/plugins/com.st.stm32cube.ide.mcu.externaltools.gnu-tools-for-stm32.12.3.rel1.macos64_1.0.100.202403111906/tools/bin/../lib/gcc/arm-none-eabi/12.3.1/../../../../arm-none-eabi/lib/thumb/v7e-m+fp/hard/libc_nano.a(libc_a-exit.o)
                              /Applications/STM32CubeIDE.app/Contents/Eclipse/plugins/com.st.stm32cube.ide.mcu.externaltools.gnu-tools-for-stm32.12.3.rel1.macos64_1.0.100.202403111906/tools/bin/../lib/gcc/arm-none-eabi/12.3.1/../../../../arm-none-eabi/lib/thumb/v7e-m+fp/hard/crt0.o (exit)
/Applications/STM32CubeIDE.app/Contents/Eclipse/plugins/com.st.stm32cube.ide.mcu.externaltools.gnu-tools-for-stm32.12.3.rel1.macos64_1.0.100.202403111906/tools/bin/../lib/gcc/arm-none-eabi/12.3.1/../../../../arm-none-eabi/lib/thumb/v7e-m+fp/hard/libc_nano.a(libc_a-findfp.o)
                              /Applications/STM32CubeIDE.app/Contents/Eclipse/plugins/com.st.stm32cube.ide.mcu.externaltools.gnu-tools-for-stm32.12.3.rel1.macos64_1.0.100.202403111906/tools/bin/../lib/gcc/arm-none-eabi/12.3.1/../../../../arm-none-eabi/lib/thumb/v7e-m+fp/hard/libc_nano.a(libc_a-exit.o) (__stdio_exit_handler)
/Applications/STM32CubeIDE.app/Contents/Eclipse/plugins/com.st.stm32cube.ide.mcu.externaltools.gnu-tools-for-stm32.12.3.rel1.macos64_1.0.100.202403111906/tools/bin/../lib/gcc/arm-none-eabi/12.3.1/../../../../arm-none-eabi/lib/thumb/v7e-m+fp/hard/libc_nano.a(libc_a-fwalk.o)
                              /Applications/STM32CubeIDE.app/Contents/Eclipse/plugins/com.st.stm32cube.ide.mcu.externaltools.gnu-tools-for-stm32.12.3.rel1.macos64_1.0.100.202403111906/tools/bin/../lib/gcc/arm-none-eabi/12.3.1/../../../../arm-none-eabi/lib/thumb/v7e-m+fp/hard/libc_nano.a(libc_a-findfp.o) (_fwalk_sglue)
/Applications/STM32CubeIDE.app/Contents/Eclipse/plugins/com.st.stm32cube.ide.mcu.externaltools.gnu-tools-for-stm32.12.3.rel1.macos64_1.0.100.202403111906/tools/bin/../lib/gcc/arm-none-eabi/12.3.1/../../../../arm-none-eabi/lib/thumb/v7e-m+fp/hard/libc_nano.a(libc_a-memset.o)
                              /Applications/STM32CubeIDE.app/Contents/Eclipse/plugins/com.st.stm32cube.ide.mcu.externaltools.gnu-tools-for-stm32.12.3.rel1.macos64_1.0.100.202403111906/tools/bin/../lib/gcc/arm-none-eabi/12.3.1/../../../../arm-none-eabi/lib/thumb/v7e-m+fp/hard/crt0.o (memset)
/Applications/STM32CubeIDE.app/Contents/Eclipse/plugins/com.st.stm32cube.ide.mcu.externaltools.gnu-tools-for-stm32.12.3.rel1.macos64_1.0.100.202403111906/tools/bin/../lib/gcc/arm-none-eabi/12.3.1/../../../../arm-none-eabi/lib/thumb/v7e-m+fp/hard/libc_nano.a(libc_a-impure.o)
                              /Applications/STM32CubeIDE.app/Contents/Eclipse/plugins/com.st.stm32cube.ide.mcu.externaltools.gnu-tools-for-stm32.12.3.rel1.macos64_1.0.100.202403111906/tools/bin/../lib/gcc/arm-none-eabi/12.3.1/../../../../arm-none-eabi/lib/thumb/v7e-m+fp/hard/libc_nano.a(libc_a-findfp.o) (_impure_data)
/Applications/STM32CubeIDE.app/Contents/Eclipse/plugins/com.st.stm32cube.ide.mcu.externaltools.gnu-tools-for-stm32.12.3.rel1.macos64_1.0.100.202403111906/tools/bin/../lib/gcc/arm-none-eabi/12.3.1/../../../../arm-none-eabi/lib/thumb/v7e-m+fp/hard/libc_nano.a(libc_a-errno.o)
                              ./Core/Src/syscalls.o (__errno)
/Applications/STM32CubeIDE.app/Contents/Eclipse/plugins/com.st.stm32cube.ide.mcu.externaltools.gnu-tools-for-stm32.12.3.rel1.macos64_1.0.100.202403111906/tools/bin/../lib/gcc/arm-none-eabi/12.3.1/../../../../arm-none-eabi/lib/thumb/v7e-m+fp/hard/libc_nano.a(libc_a-init.o)
                              /Applications/STM32CubeIDE.app/Contents/Eclipse/plugins/com.st.stm32cube.ide.mcu.externaltools.gnu-tools-for-stm32.12.3.rel1.macos64_1.0.100.202403111906/tools/bin/../lib/gcc/arm-none-eabi/12.3.1/../../../../arm-none-eabi/lib/thumb/v7e-m+fp/hard/crt0.o (__libc_init_array)
/Applications/STM32CubeIDE.app/Contents/Eclipse/plugins/com.st.stm32cube.ide.mcu.externaltools.gnu-tools-for-stm32.12.3.rel1.macos64_1.0.100.202403111906/tools/bin/../lib/gcc/arm-none-eabi/12.3.1/../../../../arm-none-eabi/lib/thumb/v7e-m+fp/hard/libc_nano.a(libc_a-lock.o)
                              /Applications/STM32CubeIDE.app/Contents/Eclipse/plugins/com.st.stm32cube.ide.mcu.externaltools.gnu-tools-for-stm32.12.3.rel1.macos64_1.0.100.202403111906/tools/bin/../lib/gcc/arm-none-eabi/12.3.1/../../../../arm-none-eabi/lib/thumb/v7e-m+fp/hard/libc_nano.a(libc_a-findfp.o) (__retarget_lock_init_recursive)
/Applications/STM32CubeIDE.app/Contents/Eclipse/plugins/com.st.stm32cube.ide.mcu.externaltools.gnu-tools-for-stm32.12.3.rel1.macos64_1.0.100.202403111906/tools/bin/../lib/gcc/arm-none-eabi/12.3.1/../../../../arm-none-eabi/lib/thumb/v7e-m+fp/hard/libc_nano.a(libc_a-mallocr.o)
[...]
Memory Configuration

Name             Origin             Length             Attributes
CCMRAM           0x10000000         0x00010000         xrw
RAM              0x20000000         0x00020000         xrw
FLASH            0x08000000         0x00100000         xr
*default*        0x00000000         0xffffffff

Linker script and memory map

LOAD /Applications/STM32CubeIDE.app/Contents/Eclipse/plugins/com.st.stm32cube.ide.mcu.externaltools.gnu-tools-for-stm32.12.3.rel1.macos64_1.0.100.202403111906/tools/bin/../lib/gcc/arm-none-eabi/12.3.1/thumb/v7e-m+fp/hard/crti.o
LOAD /Applications/STM32CubeIDE.app/Contents/Eclipse/plugins/com.st.stm32cube.ide.mcu.externaltools.gnu-tools-for-stm32.12.3.rel1.macos64_1.0.100.202403111906/tools/bin/../lib/gcc/arm-none-eabi/12.3.1/thumb/v7e-m+fp/hard/crtbegin.o
LOAD /Applications/STM32CubeIDE.app/Contents/Eclipse/plugins/com.st.stm32cube.ide.mcu.externaltools.gnu-tools-for-stm32.12.3.rel1.macos64_1.0.100.202403111906/tools/bin/../lib/gcc/arm-none-eabi/12.3.1/../../../../arm-none-eabi/lib/thumb/v7e-m+fp/hard/crt0.o
LOAD ./Core/Src/gpio.o
LOAD ./Core/Src/main.o
LOAD ./Core/Src/softwareTimer.o
LOAD ./Core/Src/spi.o
LOAD ./Core/Src/stm32f4xx_hal_msp.o
LOAD ./Core/Src/stm32f4xx_it.o
LOAD ./Core/Src/syscalls.o
LOAD ./Core/Src/sysmem.o
LOAD ./Core/Src/system_stm32f4xx.o
LOAD ./Core/Src/tim.o
LOAD ./Core/Startup/startup_stm32f407zgtx.o
LOAD ./Drivers/STM32F4xx_HAL_Driver/Src/stm32f4xx_hal.o
LOAD ./Drivers/STM32F4xx_HAL_Driver/Src/stm32f4xx_hal_cortex.o
LOAD ./Drivers/STM32F4xx_HAL_Driver/Src/stm32f4xx_hal_dma.o
LOAD ./Drivers/STM32F4xx_HAL_Driver/Src/stm32f4xx_hal_dma_ex.o
LOAD ./Drivers/STM32F4xx_HAL_Driver/Src/stm32f4xx_hal_exti.o
LOAD ./Drivers/STM32F4xx_HAL_Driver/Src/stm32f4xx_hal_flash.o
LOAD ./Drivers/STM32F4xx_HAL_Driver/Src/stm32f4xx_hal_flash_ex.o
LOAD ./Drivers/STM32F4xx_HAL_Driver/Src/stm32f4xx_hal_flash_ramfunc.o
LOAD ./Drivers/STM32F4xx_HAL_Driver/Src/stm32f4xx_hal_gpio.o
LOAD ./Drivers/STM32F4xx_HAL_Driver/Src/stm32f4xx_hal_pwr.o
LOAD ./Drivers/STM32F4xx_HAL_Driver/Src/stm32f4xx_hal_pwr_ex.o
LOAD ./Drivers/STM32F4xx_HAL_Driver/Src/stm32f4xx_hal_rcc.o
LOAD ./Drivers/STM32F4xx_HAL_Driver/Src/stm32f4xx_hal_rcc_ex.o
LOAD ./Drivers/STM32F4xx_HAL_Driver/Src/stm32f4xx_hal_spi.o
LOAD ./Drivers/STM32F4xx_HAL_Driver/Src/stm32f4xx_hal_tim.o
LOAD ./Drivers/STM32F4xx_HAL_Driver/Src/stm32f4xx_hal_tim_ex.o
START GROUP
LOAD /Applications/STM32CubeIDE.app/Contents/Eclipse/plugins/com.st.stm32cube.ide.mcu.externaltools.gnu-tools-for-stm32.12.3.rel1.macos64_1.0.100.202403111906/tools/bin/../lib/gcc/arm-none-eabi/12.3.1/../../../../arm-none-eabi/lib/thumb/v7e-m+fp/hard/libc_nano.a
LOAD /Applications/STM32CubeIDE.app/Contents/Eclipse/plugins/com.st.stm32cube.ide.mcu.externaltools.gnu-tools-for-stm32.12.3.rel1.macos64_1.0.100.202403111906/tools/bin/../lib/gcc/arm-none-eabi/12.3.1/../../../../arm-none-eabi/lib/thumb/v7e-m+fp/hard/libm.a
END GROUP
START GROUP
LOAD /Applications/STM32CubeIDE.app/Contents/Eclipse/plugins/com.st.stm32cube.ide.mcu.externaltools.gnu-tools-for-stm32.12.3.rel1.macos64_1.0.100.202403111906/tools/bin/../lib/gcc/arm-none-eabi/12.3.1/thumb/v7e-m+fp/hard/libgcc.a
LOAD /Applications/STM32CubeIDE.app/Contents/Eclipse/plugins/com.st.stm32cube.ide.mcu.externaltools.gnu-tools-for-stm32.12.3.rel1.macos64_1.0.100.202403111906/tools/bin/../lib/gcc/arm-none-eabi/12.3.1/../../../../arm-none-eabi/lib/thumb/v7e-m+fp/hard/libc_nano.a
END GROUP
START GROUP
LOAD /Applications/STM32CubeIDE.app/Contents/Eclipse/plugins/com.st.stm32cube.ide.mcu.externaltools.gnu-tools-for-stm32.12.3.rel1.macos64_1.0.100.202403111906/tools/bin/../lib/gcc/arm-none-eabi/12.3.1/thumb/v7e-m+fp/hard/libgcc.a
LOAD /Applications/STM32CubeIDE.app/Contents/Eclipse/plugins/com.st.stm32cube.ide.mcu.externaltools.gnu-tools-for-stm32.12.3.rel1.macos64_1.0.100.202403111906/tools/bin/../lib/gcc/arm-none-eabi/12.3.1/../../../../arm-none-eabi/lib/thumb/v7e-m+fp/hard/libc_nano.a
LOAD /Applications/STM32CubeIDE.app/Contents/Eclipse/plugins/com.st.stm32cube.ide.mcu.externaltools.gnu-tools-for-stm32.12.3.rel1.macos64_1.0.100.202403111906/tools/bin/../lib/gcc/arm-none-eabi/12.3.1/../../../../arm-none-eabi/lib/thumb/v7e-m+fp/hard/libnosys.a
END GROUP
START GROUP
LOAD /Applications/STM32CubeIDE.app/Contents/Eclipse/plugins/com.st.stm32cube.ide.mcu.externaltools.gnu-tools-for-stm32.12.3.rel1.macos64_1.0.100.202403111906/tools/bin/../lib/gcc/arm-none-eabi/12.3.1/thumb/v7e-m+fp/hard/libgcc.a
LOAD /Applications/STM32CubeIDE.app/Contents/Eclipse/plugins/com.st.stm32cube.ide.mcu.externaltools.gnu-tools-for-stm32.12.3.rel1.macos64_1.0.100.202403111906/tools/bin/../lib/gcc/arm-none-eabi/12.3.1/../../../../arm-none-eabi/lib/thumb/v7e-m+fp/hard/libc_nano.a
LOAD /Applications/STM32CubeIDE.app/Contents/Eclipse/plugins/com.st.stm32cube.ide.mcu.externaltools.gnu-tools-for-stm32.12.3.rel1.macos64_1.0.100.202403111906/tools/bin/../lib/gcc/arm-none-eabi/12.3.1/../../../../arm-none-eabi/lib/thumb/v7e-m+fp/hard/libnosys.a
END GROUP
LOAD /Applications/STM32CubeIDE.app/Contents/Eclipse/plugins/com.st.stm32cube.ide.mcu.externaltools.gnu-tools-for-stm32.12.3.rel1.macos64_1.0.100.202403111906/tools/bin/../lib/gcc/arm-none-eabi/12.3.1/thumb/v7e-m+fp/hard/crtend.o
LOAD /Applications/STM32CubeIDE.app/Contents/Eclipse/plugins/com.st.stm32cube.ide.mcu.externaltools.gnu-tools-for-stm32.12.3.rel1.macos64_1.0.100.202403111906/tools/bin/../lib/gcc/arm-none-eabi/12.3.1/thumb/v7e-m+fp/hard/crtn.o
                0x20020000                        _estack = (ORIGIN (RAM) + LENGTH (RAM))
                0x00000200                        _Min_Heap_Size = 0x200
                0x00000400                        _Min_Stack_Size = 0x400

.isr_vector     0x08000000      0x188
                0x08000000                        . = ALIGN (0x4)
 *(.isr_vector)
 .isr_vector    0x08000000      0x188 ./Core/Startup/startup_stm32f407zgtx.o
                0x08000000                g_pfnVectors
                0x08000188                        . = ALIGN (0x4)

.text           0x08000188     0x22c0
                0x08000188                        . = ALIGN (0x4)
 *(.text)
 .text          0x08000188       0x40 /Applications/STM32CubeIDE.app/Contents/Eclipse/plugins/com.st.stm32cube.ide.mcu.externaltools.gnu-tools-for-stm32.12.3.rel1.macos64_1.0.100.202403111906/tools/bin/../lib/gcc/arm-none-eabi/12.3.1/thumb/v7e-m+fp/hard/crtbegin.o
 .text          0x080001c8       0x30 /Applications/STM32CubeIDE.app/Contents/Eclipse/plugins/com.st.stm32cube.ide.mcu.externaltools.gnu-tools-for-stm32.12.3.rel1.macos64_1.0.100.202403111906/tools/bin/../lib/gcc/arm-none-eabi/12.3.1/thumb/v7e-m+fp/hard/libgcc.a(_aeabi_uldivmod.o)
                0x080001c8                __aeabi_uldivmod
 .text          0x080001f8      0x2bc /Applications/STM32CubeIDE.app/Contents/Eclipse/plugins/com.st.stm32cube.ide.mcu.externaltools.gnu-tools-for-stm32.12.3.rel1.macos64_1.0.100.202403111906/tools/bin/../lib/gcc/arm-none-eabi/12.3.1/thumb/v7e-m+fp/hard/libgcc.a(_udivmoddi4.o)
                0x080001f8                __udivmoddi4
 .text          0x080004b4        0x4 /Applications/STM32CubeIDE.app/Contents/Eclipse/plugins/com.st.stm32cube.ide.mcu.externaltools.gnu-tools-for-stm32.12.3.rel1.macos64_1.0.100.202403111906/tools/bin/../lib/gcc/arm-none-eabi/12.3.1/thumb/v7e-m+fp/hard/libgcc.a(_dvmd_tls.o)
                0x080004b4                __aeabi_ldiv0
                0x080004b4                __aeabi_idiv0
 *(.text*)
 .text.MX_GPIO_Init
                0x080004b8      0x148 ./Core/Src/gpio.o
                0x080004b8                MX_GPIO_Init
 .text.main     0x08000600       0x3c ./Core/Src/main.o
                0x08000600                main
 .text.SystemClock_Config
                0x0800063c       0xd4 ./Core/Src/main.o
                0x0800063c                SystemClock_Config
 .text.debugProgram
                0x08000710       0x14 ./Core/Src/main.o
                0x08000710                debugProgram
 .text.initializeTimer2
                0x08000724       0x14 ./Core/Src/main.o
                0x08000724                initializeTimer2
 .text.HAL_TIM_PeriodElapsedCallback
                0x08000738       0x14 ./Core/Src/main.o
                0x08000738                HAL_TIM_PeriodElapsedCallback
 .text.Error_Handler
                0x0800074c        0xc ./Core/Src/main.o
                0x0800074c                Error_Handler
 .text.setTimer2
                0x08000758       0x28 ./Core/Src/softwareTimer.o
                0x08000758                setTimer2
 .text.getFlagTimer2
                0x08000780       0x18 ./Core/Src/softwareTimer.o
                0x08000780                getFlagTimer2
 .text.timerRun
                0x08000798       0x38 ./Core/Src/softwareTimer.o
                0x08000798                timerRun
 .text.MX_SPI1_Init
                0x080007d0       0x6c ./Core/Src/spi.o
                0x080007d0                MX_SPI1_Init
 .text.HAL_SPI_MspInit
                0x0800083c       0x90 ./Core/Src/spi.o
                0x0800083c                HAL_SPI_MspInit
 .text.HAL_MspInit
                0x080008cc       0x50 ./Core/Src/stm32f4xx_hal_msp.o
                0x080008cc                HAL_MspInit
 .text.NMI_Handler
                0x0800091c        0x8 ./Core/Src/stm32f4xx_it.o
                0x0800091c                NMI_Handler
 .text.HardFault_Handler
                0x08000924        0x8 ./Core/Src/stm32f4xx_it.o
                0x08000924                HardFault_Handler
 .text.MemManage_Handler
                0x0800092c        0x8 ./Core/Src/stm32f4xx_it.o
                0x0800092c                MemManage_Handler
 .text.BusFault_Handler
                0x08000934        0x8 ./Core/Src/stm32f4xx_it.o
                0x08000934                BusFault_Handler
 .text.UsageFault_Handler
                0x0800093c        0x8 ./Core/Src/stm32f4xx_it.o
                0x0800093c                UsageFault_Handler
 .text.SVC_Handler
                0x08000944        0xe ./Core/Src/stm32f4xx_it.o
                0x08000944                SVC_Handler
 .text.DebugMon_Handler
                0x08000952        0xe ./Core/Src/stm32f4xx_it.o
                0x08000952                DebugMon_Handler
 .text.PendSV_Handler
                0x08000960        0xe ./Core/Src/stm32f4xx_it.o
                0x08000960                PendSV_Handler
 .text.SysTick_Handler
                0x0800096e        0xc ./Core/Src/stm32f4xx_it.o
                0x0800096e                SysTick_Handler
 *fill*         0x0800097a        0x2 
 .text.TIM2_IRQHandler
                0x0800097c       0x14 ./Core/Src/stm32f4xx_it.o
                0x0800097c                TIM2_IRQHandler
 .text.SystemInit
                0x08000990       0x24 ./Core/Src/system_stm32f4xx.o
                0x08000990                SystemInit
 .text.MX_TIM2_Init
                0x080009b4       0x98 ./Core/Src/tim.o
                0x080009b4                MX_TIM2_Init
 .text.HAL_TIM_Base_MspInit
                0x08000a4c       0x4c ./Core/Src/tim.o
                0x08000a4c                HAL_TIM_Base_MspInit
 .text.Reset_Handler
                0x08000a98       0x50 ./Core/Startup/startup_stm32f407zgtx.o
                0x08000a98                Reset_Handler
 .text.Default_Handler
                0x08000ae8        0x2 ./Core/Startup/startup_stm32f407zgtx.o
                0x08000ae8                DMA1_Stream3_IRQHandler
                0x08000ae8                HASH_RNG_IRQHandler
                0x08000ae8                EXTI2_IRQHandler
                0x08000ae8                TIM8_CC_IRQHandler
                0x08000ae8                TIM1_CC_IRQHandler
                0x08000ae8                DMA2_Stream5_IRQHandler
                0x08000ae8                DMA1_Stream5_IRQHandler
                0x08000ae8                PVD_IRQHandler
                0x08000ae8                SDIO_IRQHandler
                0x08000ae8                TAMP_STAMP_IRQHandler
                0x08000ae8                CAN2_RX1_IRQHandler
                0x08000ae8                EXTI3_IRQHandler
                0x08000ae8                TIM8_TRG_COM_TIM14_IRQHandler
                0x08000ae8                TIM1_UP_TIM10_IRQHandler
                0x08000ae8                TIM8_UP_TIM13_IRQHandler
                0x08000ae8                I2C3_ER_IRQHandler
                0x08000ae8                EXTI0_IRQHandler
                0x08000ae8                I2C2_EV_IRQHandler
                0x08000ae8                DMA1_Stream2_IRQHandler
                0x08000ae8                CAN1_RX0_IRQHandler
                0x08000ae8                FPU_IRQHandler
                0x08000ae8                OTG_HS_WKUP_IRQHandler
                0x08000ae8                CAN2_SCE_IRQHandler
                0x08000ae8                DMA2_Stream2_IRQHandler
                0x08000ae8                SPI1_IRQHandler
                0x08000ae8                TIM6_DAC_IRQHandler
                0x08000ae8                TIM1_BRK_TIM9_IRQHandler
                0x08000ae8                DCMI_IRQHandler
                0x08000ae8                CAN2_RX0_IRQHandler
                0x08000ae8                DMA2_Stream3_IRQHandler
                0x08000ae8                USART6_IRQHandler
                0x08000ae8                USART3_IRQHandler
                0x08000ae8                CAN1_RX1_IRQHandler
                0x08000ae8                UART5_IRQHandler
                0x08000ae8                DMA2_Stream0_IRQHandler
                0x08000ae8                TIM4_IRQHandler
                0x08000ae8                I2C1_EV_IRQHandler
                0x08000ae8                DMA1_Stream6_IRQHandler
                0x08000ae8                DMA1_Stream1_IRQHandler
                0x08000ae8                UART4_IRQHandler
                0x08000ae8                TIM3_IRQHandler
                0x08000ae8                RCC_IRQHandler
                0x08000ae8                TIM8_BRK_TIM12_IRQHandler
                0x08000ae8                Default_Handler
                0x08000ae8                EXTI15_10_IRQHandler
                0x08000ae8                ADC_IRQHandler
                0x08000ae8                DMA1_Stream7_IRQHandler
                0x08000ae8                TIM7_IRQHandler
                0x08000ae8                CAN2_TX_IRQHandler
                0x08000ae8                TIM5_IRQHandler
                0x08000ae8                DMA2_Stream7_IRQHandler
                0x08000ae8                I2C3_EV_IRQHandler
                0x08000ae8                EXTI9_5_IRQHandler
                0x08000ae8                RTC_WKUP_IRQHandler
                0x08000ae8                ETH_WKUP_IRQHandler
                0x08000ae8                SPI2_IRQHandler
                0x08000ae8                OTG_HS_EP1_IN_IRQHandler
                0x08000ae8                DMA1_Stream0_IRQHandler
                0x08000ae8                CAN1_TX_IRQHandler
                0x08000ae8                EXTI4_IRQHandler
                0x08000ae8                FSMC_IRQHandler
                0x08000ae8                ETH_IRQHandler
                0x08000ae8                OTG_HS_EP1_OUT_IRQHandler
                0x08000ae8                WWDG_IRQHandler
                0x08000ae8                OTG_FS_WKUP_IRQHandler
                0x08000ae8                TIM1_TRG_COM_TIM11_IRQHandler
                0x08000ae8                OTG_HS_IRQHandler
                0x08000ae8                EXTI1_IRQHandler
                0x08000ae8                USART2_IRQHandler
                0x08000ae8                I2C2_ER_IRQHandler
                0x08000ae8                DMA2_Stream1_IRQHandler
                0x08000ae8                CAN1_SCE_IRQHandler
                0x08000ae8                FLASH_IRQHandler
                0x08000ae8                DMA2_Stream4_IRQHandler
                0x08000ae8                USART1_IRQHandler
                0x08000ae8                OTG_FS_IRQHandler
                0x08000ae8                SPI3_IRQHandler
                0x08000ae8                DMA1_Stream4_IRQHandler
                0x08000ae8                I2C1_ER_IRQHandler
                0x08000ae8                DMA2_Stream6_IRQHandler
                0x08000ae8                RTC_Alarm_IRQHandler
 *fill*         0x08000aea        0x2 
 .text.HAL_Init
                0x08000aec       0x44 ./Drivers/STM32F4xx_HAL_Driver/Src/stm32f4xx_hal.o
                0x08000aec                HAL_Init
 .text.HAL_InitTick
                0x08000b30       0x60 ./Drivers/STM32F4xx_HAL_Driver/Src/stm32f4xx_hal.o
                0x08000b30                HAL_InitTick
 .text.HAL_IncTick
                0x08000b90       0x28 ./Drivers/STM32F4xx_HAL_Driver/Src/stm32f4xx_hal.o
                0x08000b90                HAL_IncTick
 .text.HAL_GetTick
                0x08000bb8       0x18 ./Drivers/STM32F4xx_HAL_Driver/Src/stm32f4xx_hal.o
                0x08000bb8                HAL_GetTick
 .text.__NVIC_SetPriorityGrouping
                0x08000bd0       0x48 ./Drivers/STM32F4xx_HAL_Driver/Src/stm32f4xx_hal_cortex.o
 .text.__NVIC_GetPriorityGrouping
                0x08000c18       0x1c ./Drivers/STM32F4xx_HAL_Driver/Src/stm32f4xx_hal_cortex.o
 .text.__NVIC_EnableIRQ
                0x08000c34       0x3c ./Drivers/STM32F4xx_HAL_Driver/Src/stm32f4xx_hal_cortex.o
 .text.__NVIC_SetPriority
                0x08000c70       0x54 ./Drivers/STM32F4xx_HAL_Driver/Src/stm32f4xx_hal_cortex.o
 .text.NVIC_EncodePriority
                0x08000cc4       0x66 ./Drivers/STM32F4xx_HAL_Driver/Src/stm32f4xx_hal_cortex.o
 *fill*         0x08000d2a        0x2 
 .text.SysTick_Config
                0x08000d2c       0x44 ./Drivers/STM32F4xx_HAL_Driver/Src/stm32f4xx_hal_cortex.o
 .text.HAL_NVIC_SetPriorityGrouping
                0x08000d70       0x16 ./Drivers/STM32F4xx_HAL_Driver/Src/stm32f4xx_hal_cortex.o
                0x08000d70                HAL_NVIC_SetPriorityGrouping
 .text.HAL_NVIC_SetPriority
                0x08000d86       0x38 ./Drivers/STM32F4xx_HAL_Driver/Src/stm32f4xx_hal_cortex.o
                0x08000d86                HAL_NVIC_SetPriority
 .text.HAL_NVIC_EnableIRQ
                0x08000dbe       0x1c ./Drivers/STM32F4xx_HAL_Driver/Src/stm32f4xx_hal_cortex.o
                0x08000dbe                HAL_NVIC_EnableIRQ
 .text.HAL_SYSTICK_Config
                0x08000dda       0x18 ./Drivers/STM32F4xx_HAL_Driver/Src/stm32f4xx_hal_cortex.o
                0x08000dda                HAL_SYSTICK_Config
 *fill*         0x08000df2        0x2 
 .text.HAL_GPIO_Init
                0x08000df4      0x338 ./Drivers/STM32F4xx_HAL_Driver/Src/stm32f4xx_hal_gpio.o
                0x08000df4                HAL_GPIO_Init
 .text.HAL_GPIO_WritePin
                0x0800112c       0x32 ./Drivers/STM32F4xx_HAL_Driver/Src/stm32f4xx_hal_gpio.o
                0x0800112c                HAL_GPIO_WritePin
 .text.HAL_GPIO_TogglePin
                0x0800115e       0x34 ./Drivers/STM32F4xx_HAL_Driver/Src/stm32f4xx_hal_gpio.o
                0x0800115e                HAL_GPIO_TogglePin
 *fill*         0x08001192        0x2 
 .text.HAL_RCC_OscConfig
                0x08001194      0x4f0 ./Drivers/STM32F4xx_HAL_Driver/Src/stm32f4xx_hal_rcc.o
                0x08001194                HAL_RCC_OscConfig
 .text.HAL_RCC_ClockConfig
                0x08001684      0x1cc ./Drivers/STM32F4xx_HAL_Driver/Src/stm32f4xx_hal_rcc.o
                0x08001684                HAL_RCC_ClockConfig
 .text.HAL_RCC_GetSysClockFreq
                0x08001850      0x18c ./Drivers/STM32F4xx_HAL_Driver/Src/stm32f4xx_hal_rcc.o
                0x08001850                HAL_RCC_GetSysClockFreq
 .text.HAL_SPI_Init
                0x080019dc      0x112 ./Drivers/STM32F4xx_HAL_Driver/Src/stm32f4xx_hal_spi.o
                0x080019dc                HAL_SPI_Init
 .text.HAL_TIM_Base_Init
                0x08001aee       0x9e ./Drivers/STM32F4xx_HAL_Driver/Src/stm32f4xx_hal_tim.o
                0x08001aee                HAL_TIM_Base_Init
 .text.HAL_TIM_Base_Start_IT
                0x08001b8c       0xe0 ./Drivers/STM32F4xx_HAL_Driver/Src/stm32f4xx_hal_tim.o
                0x08001b8c                HAL_TIM_Base_Start_IT
 .text.HAL_TIM_IRQHandler
                0x08001c6c      0x1e0 ./Drivers/STM32F4xx_HAL_Driver/Src/stm32f4xx_hal_tim.o
                0x08001c6c                HAL_TIM_IRQHandler
 .text.HAL_TIM_ConfigClockSource
                0x08001e4c      0x18e ./Drivers/STM32F4xx_HAL_Driver/Src/stm32f4xx_hal_tim.o
                0x08001e4c                HAL_TIM_ConfigClockSource
 .text.HAL_TIM_OC_DelayElapsedCallback
                0x08001fda       0x14 ./Drivers/STM32F4xx_HAL_Driver/Src/stm32f4xx_hal_tim.o
                0x08001fda                HAL_TIM_OC_DelayElapsedCallback
 .text.HAL_TIM_IC_CaptureCallback
                0x08001fee       0x14 ./Drivers/STM32F4xx_HAL_Driver/Src/stm32f4xx_hal_tim.o
                0x08001fee                HAL_TIM_IC_CaptureCallback
 .text.HAL_TIM_PWM_PulseFinishedCallback
                0x08002002       0x14 ./Drivers/STM32F4xx_HAL_Driver/Src/stm32f4xx_hal_tim.o
                0x08002002                HAL_TIM_PWM_PulseFinishedCallback
 .text.HAL_TIM_TriggerCallback
                0x08002016       0x14 ./Drivers/STM32F4xx_HAL_Driver/Src/stm32f4xx_hal_tim.o
                0x08002016                HAL_TIM_TriggerCallback
 *fill*         0x0800202a        0x2 
 .text.TIM_Base_SetConfig
                0x0800202c      0x158 ./Drivers/STM32F4xx_HAL_Driver/Src/stm32f4xx_hal_tim.o
                0x0800202c                TIM_Base_SetConfig
 .text.TIM_TI1_ConfigInputStage
                0x08002184       0x5e ./Drivers/STM32F4xx_HAL_Driver/Src/stm32f4xx_hal_tim.o
 .text.TIM_TI2_ConfigInputStage
                0x080021e2       0x60 ./Drivers/STM32F4xx_HAL_Driver/Src/stm32f4xx_hal_tim.o
 .text.TIM_ITRx_SetConfig
                0x08002242       0x36 ./Drivers/STM32F4xx_HAL_Driver/Src/stm32f4xx_hal_tim.o
 .text.TIM_ETR_SetConfig
                0x08002278       0x40 ./Drivers/STM32F4xx_HAL_Driver/Src/stm32f4xx_hal_tim.o
                0x08002278                TIM_ETR_SetConfig
 .text.HAL_TIMEx_MasterConfigSynchronization
                0x080022b8       0xf8 ./Drivers/STM32F4xx_HAL_Driver/Src/stm32f4xx_hal_tim_ex.o
                0x080022b8                HAL_TIMEx_MasterConfigSynchronization
 .text.HAL_TIMEx_CommutCallback
                0x080023b0       0x14 ./Drivers/STM32F4xx_HAL_Driver/Src/stm32f4xx_hal_tim_ex.o
                0x080023b0                HAL_TIMEx_CommutCallback
 .text.HAL_TIMEx_BreakCallback
                0x080023c4       0x14 ./Drivers/STM32F4xx_HAL_Driver/Src/stm32f4xx_hal_tim_ex.o
                0x080023c4                HAL_TIMEx_BreakCallback
 .text.memset   0x080023d8       0x10 /Applications/STM32CubeIDE.app/Contents/Eclipse/plugins/com.st.stm32cube.ide.mcu.externaltools.gnu-tools-for-stm32.12.3.rel1.macos64_1.0.100.202403111906/tools/bin/../lib/gcc/arm-none-eabi/12.3.1/../../../../arm-none-eabi/lib/thumb/v7e-m+fp/hard/libc_nano.a(libc_a-memset.o)
                0x080023d8                memset
 .text.__libc_init_array
                0x080023e8       0x48 /Applications/STM32CubeIDE.app/Contents/Eclipse/plugins/com.st.stm32cube.ide.mcu.externaltools.gnu-tools-for-stm32.12.3.rel1.macos64_1.0.100.202403111906/tools/bin/../lib/gcc/arm-none-eabi/12.3.1/../../../../arm-none-eabi/lib/thumb/v7e-m+fp/hard/libc_nano.a(libc_a-init.o)
                0x080023e8                __libc_init_array
 *(.glue_7)
 .glue_7        0x08002430        0x0 linker stubs
 *(.glue_7t)
 .glue_7t       0x08002430        0x0 linker stubs
 *(.eh_frame)
 .eh_frame      0x08002430        0x0 /Applications/STM32CubeIDE.app/Contents/Eclipse/plugins/com.st.stm32cube.ide.mcu.externaltools.gnu-tools-for-stm32.12.3.rel1.macos64_1.0.100.202403111906/tools/bin/../lib/gcc/arm-none-eabi/12.3.1/thumb/v7e-m+fp/hard/crtbegin.o
 *(.init)
 .init          0x08002430        0x4 /Applications/STM32CubeIDE.app/Contents/Eclipse/plugins/com.st.stm32cube.ide.mcu.externaltools.gnu-tools-for-stm32.12.3.rel1.macos64_1.0.100.202403111906/tools/bin/../lib/gcc/arm-none-eabi/12.3.1/thumb/v7e-m+fp/hard/crti.o
                0x08002430                _init
 .init          0x08002434        0x8 /Applications/STM32CubeIDE.app/Contents/Eclipse/plugins/com.st.stm32cube.ide.mcu.externaltools.gnu-tools-for-stm32.12.3.rel1.macos64_1.0.100.202403111906/tools/bin/../lib/gcc/arm-none-eabi/12.3.1/thumb/v7e-m+fp/hard/crtn.o
 *(.fini)
 .fini          0x0800243c        0x4 /Applications/STM32CubeIDE.app/Contents/Eclipse/plugins/com.st.stm32cube.ide.mcu.externaltools.gnu-tools-for-stm32.12.3.rel1.macos64_1.0.100.202403111906/tools/bin/../lib/gcc/arm-none-eabi/12.3.1/thumb/v7e-m+fp/hard/crti.o
                0x0800243c                _fini
 .fini          0x08002440        0x8 /Applications/STM32CubeIDE.app/Contents/Eclipse/plugins/com.st.stm32cube.ide.mcu.externaltools.gnu-tools-for-stm32.12.3.rel1.macos64_1.0.100.202403111906/tools/bin/../lib/gcc/arm-none-eabi/12.3.1/thumb/v7e-m+fp/hard/crtn.o
                0x08002448                        . = ALIGN (0x4)
                0x08002448                        _etext = .

.vfp11_veneer   0x08002448        0x0
 .vfp11_veneer  0x08002448        0x0 linker stubs

.v4_bx          0x08002448        0x0
 .v4_bx         0x08002448        0x0 linker stubs

.iplt           0x08002448        0x0
 .iplt          0x08002448        0x0 /Applications/STM32CubeIDE.app/Contents/Eclipse/plugins/com.st.stm32cube.ide.mcu.externaltools.gnu-tools-for-stm32.12.3.rel1.macos64_1.0.100.202403111906/tools/bin/../lib/gcc/arm-none-eabi/12.3.1/thumb/v7e-m+fp/hard/crtbegin.o

.rodata         0x08002448       0x10
                0x08002448                        . = ALIGN (0x4)
 *(.rodata)
 *(.rodata*)
 .rodata.AHBPrescTable
                0x08002448       0x10 ./Core/Src/system_stm32f4xx.o
                0x08002448                AHBPrescTable
                0x08002458                        . = ALIGN (0x4)

.ARM.extab      0x08002458        0x0
                0x08002458                        . = ALIGN (0x4)
 *(.ARM.extab* .gnu.linkonce.armextab.*)
                0x08002458                        . = ALIGN (0x4)

.ARM            0x08002458        0x8
                0x08002458                        . = ALIGN (0x4)
                0x08002458                        __exidx_start = .
 *(.ARM.exidx*)
 .ARM.exidx     0x08002458        0x8 /Applications/STM32CubeIDE.app/Contents/Eclipse/plugins/com.st.stm32cube.ide.mcu.externaltools.gnu-tools-for-stm32.12.3.rel1.macos64_1.0.100.202403111906/tools/bin/../lib/gcc/arm-none-eabi/12.3.1/thumb/v7e-m+fp/hard/libgcc.a(_udivmoddi4.o)
                0x08002460                        __exidx_end = .
                0x08002460                        . = ALIGN (0x4)

.rel.dyn        0x08002460        0x0
 .rel.iplt      0x08002460        0x0 /Applications/STM32CubeIDE.app/Contents/Eclipse/plugins/com.st.stm32cube.ide.mcu.externaltools.gnu-tools-for-stm32.12.3.rel1.macos64_1.0.100.202403111906/tools/bin/../lib/gcc/arm-none-eabi/12.3.1/thumb/v7e-m+fp/hard/crtbegin.o

.preinit_array  0x08002460        0x0
                0x08002460                        . = ALIGN (0x4)
                0x08002460                        PROVIDE (__preinit_array_start = .)
 *(.preinit_array*)
                0x08002460                        PROVIDE (__preinit_array_end = .)
                0x08002460                        . = ALIGN (0x4)

.init_array     0x08002460        0x4
                0x08002460                        . = ALIGN (0x4)
                0x08002460                        PROVIDE (__init_array_start = .)
 *(SORT_BY_NAME(.init_array.*))
 *(.init_array*)
 .init_array    0x08002460        0x4 /Applications/STM32CubeIDE.app/Contents/Eclipse/plugins/com.st.stm32cube.ide.mcu.externaltools.gnu-tools-for-stm32.12.3.rel1.macos64_1.0.100.202403111906/tools/bin/../lib/gcc/arm-none-eabi/12.3.1/thumb/v7e-m+fp/hard/crtbegin.o
                0x08002464                        PROVIDE (__init_array_end = .)
                0x08002464                        . = ALIGN (0x4)

.fini_array     0x08002464        0x4
                0x08002464                        . = ALIGN (0x4)
                [!provide]                        PROVIDE (__fini_array_start = .)
 *(SORT_BY_NAME(.fini_array.*))
 *(.fini_array*)
 .fini_array    0x08002464        0x4 /Applications/STM32CubeIDE.app/Contents/Eclipse/plugins/com.st.stm32cube.ide.mcu.externaltools.gnu-tools-for-stm32.12.3.rel1.macos64_1.0.100.202403111906/tools/bin/../lib/gcc/arm-none-eabi/12.3.1/thumb/v7e-m+fp/hard/crtbegin.o
                [!provide]                        PROVIDE (__fini_array_end = .)
                0x08002468                        . = ALIGN (0x4)
                0x08002468                        _sidata = LOADADDR (.data)

.data           0x20000000        0xc load address 0x08002468
                0x20000000                        . = ALIGN (0x4)
                0x20000000                        _sdata = .
 *(.data)
 *(.data*)
 .data.SystemCoreClock
                0x20000000        0x4 ./Core/Src/system_stm32f4xx.o
                0x20000000                SystemCoreClock
 .data.uwTickPrio
                0x20000004        0x4 ./Drivers/STM32F4xx_HAL_Driver/Src/stm32f4xx_hal.o
                0x20000004                uwTickPrio
 .data.uwTickFreq
                0x20000008        0x1 ./Drivers/STM32F4xx_HAL_Driver/Src/stm32f4xx_hal.o
                0x20000008                uwTickFreq
 *(.RamFunc)
 *(.RamFunc*)
                0x2000000c                        . = ALIGN (0x4)
 *fill*         0x20000009        0x3 
                0x2000000c                        _edata = .
                0x08002474                        _siccmram = LOADADDR (.ccmram)

.igot.plt       0x2000000c        0x0 load address 0x08002474
 .igot.plt      0x2000000c        0x0 /Applications/STM32CubeIDE.app/Contents/Eclipse/plugins/com.st.stm32cube.ide.mcu.externaltools.gnu-tools-for-stm32.12.3.rel1.macos64_1.0.100.202403111906/tools/bin/../lib/gcc/arm-none-eabi/12.3.1/thumb/v7e-m+fp/hard/crtbegin.o

.ccmram         0x10000000        0x0 load address 0x08002474
                0x10000000                        . = ALIGN (0x4)
                0x10000000                        _sccmram = .
 *(.ccmram)
 *(.ccmram*)
                0x10000000                        . = ALIGN (0x4)
                0x10000000                        _eccmram = .
                0x10000000                        . = ALIGN (0x4)

.bss            0x2000000c       0xc8
                0x2000000c                        _sbss = .
                0x2000000c                        __bss_start__ = _sbss
 *(.bss)
 .bss           0x2000000c       0x1c /Applications/STM32CubeIDE.app/Contents/Eclipse/plugins/com.st.stm32cube.ide.mcu.externaltools.gnu-tools-for-stm32.12.3.rel1.macos64_1.0.100.202403111906/tools/bin/../lib/gcc/arm-none-eabi/12.3.1/thumb/v7e-m+fp/hard/crtbegin.o
 *(.bss*)
 .bss.timer2_counter
                0x20000028        0x4 ./Core/Src/softwareTimer.o
                0x20000028                timer2_counter
 .bss.timer2_flag
                0x2000002c        0x1 ./Core/Src/softwareTimer.o
                0x2000002c                timer2_flag
 *fill*         0x2000002d        0x3 
 .bss.hspi1     0x20000030       0x58 ./Core/Src/spi.o
                0x20000030                hspi1
 .bss.htim2     0x20000088       0x48 ./Core/Src/tim.o
                0x20000088                htim2
 .bss.uwTick    0x200000d0        0x4 ./Drivers/STM32F4xx_HAL_Driver/Src/stm32f4xx_hal.o
                0x200000d0                uwTick
 *(COMMON)
                0x200000d4                        . = ALIGN (0x4)
                0x200000d4                        _ebss = .
                0x200000d4                        __bss_end__ = _ebss

._user_heap_stack
                0x200000d4      0x604
                0x200000d8                        . = ALIGN (0x8)
 *fill*         0x200000d4        0x4 
                [!provide]                        PROVIDE (end = .)
                0x200000d8                        PROVIDE (_end = .)
                0x200002d8                        . = (. + _Min_Heap_Size)
 *fill*         0x200000d8      0x200 
                0x200006d8                        . = (. + _Min_Stack_Size)
 *fill*         0x200002d8      0x400 
                0x200006d8                        . = ALIGN (0x8)

/DISCARD/
 libc.a(*)
 libm.a(*)
 libgcc.a(*)

.ARM.attributes
                0x00000000       0x30
 *(.ARM.attributes)
 .ARM.attributes
                0x00000000       0x22 /Applications/STM32CubeIDE.app/Contents/Eclipse/plugins/com.st.stm32cube.ide.mcu.externaltools.gnu-tools-for-stm32.12.3.rel1.macos64_1.0.100.202403111906/tools/bin/../lib/gcc/arm-none-eabi/12.3.1/thumb/v7e-m+fp/hard/crti.o
 .ARM.attributes
                0x00000022       0x34 /Applications/STM32CubeIDE.app/Contents/Eclipse/plugins/com.st.stm32cube.ide.mcu.externaltools.gnu-tools-for-stm32.12.3.rel1.macos64_1.0.100.202403111906/tools/bin/../lib/gcc/arm-none-eabi/12.3.1/thumb/v7e-m+fp/hard/crtbegin.o
 .ARM.attributes
                0x00000056       0x34 ./Core/Src/gpio.o
 .ARM.attributes
                0x0000008a       0x34 ./Core/Src/main.o
 .ARM.attributes
                0x000000be       0x34 ./Core/Src/softwareTimer.o
 .ARM.attributes
                0x000000f2       0x34 ./Core/Src/spi.o
 .ARM.attributes
                0x00000126       0x34 ./Core/Src/stm32f4xx_hal_msp.o
 .ARM.attributes
                0x0000015a       0x34 ./Core/Src/stm32f4xx_it.o
 .ARM.attributes
                0x0000018e       0x34 ./Core/Src/system_stm32f4xx.o
 .ARM.attributes
                0x000001c2       0x34 ./Core/Src/tim.o
 .ARM.attributes
                0x000001f6       0x21 ./Core/Startup/startup_stm32f407zgtx.o
 .ARM.attributes
                0x00000217       0x34 ./Drivers/STM32F4xx_HAL_Driver/Src/stm32f4xx_hal.o
 .ARM.attributes
                0x0000024b       0x34 ./Drivers/STM32F4xx_HAL_Driver/Src/stm32f4xx_hal_cortex.o
 .ARM.attributes
                0x0000027f       0x34 ./Drivers/STM32F4xx_HAL_Driver/Src/stm32f4xx_hal_gpio.o
 .ARM.attributes
                0x000002b3       0x34 ./Drivers/STM32F4xx_HAL_Driver/Src/stm32f4xx_hal_rcc.o
 .ARM.attributes
                0x000002e7       0x34 ./Drivers/STM32F4xx_HAL_Driver/Src/stm32f4xx_hal_spi.o
 .ARM.attributes
                0x0000031b       0x34 ./Drivers/STM32F4xx_HAL_Driver/Src/stm32f4xx_hal_tim.o
 .ARM.attributes
                0x0000034f       0x34 ./Drivers/STM32F4xx_HAL_Driver/Src/stm32f4xx_hal_tim_ex.o
 .ARM.attributes
                0x00000383       0x34 /Applications/STM32CubeIDE.app/Contents/Eclipse/plugins/com.st.stm32cube.ide.mcu.externaltools.gnu-tools-for-stm32.12.3.rel1.macos64_1.0.100.202403111906/tools/bin/../lib/gcc/arm-none-eabi/12.3.1/../../../../arm-none-eabi/lib/thumb/v7e-m+fp/hard/libc_nano.a(libc_a-memset.o)
 .ARM.attributes
                0x000003b7       0x34 /Applications/STM32CubeIDE.app/Contents/Eclipse/plugins/com.st.stm32cube.ide.mcu.externaltools.gnu-tools-for-stm32.12.3.rel1.macos64_1.0.100.202403111906/tools/bin/../lib/gcc/arm-none-eabi/12.3.1/../../../../arm-none-eabi/lib/thumb/v7e-m+fp/hard/libc_nano.a(libc_a-init.o)
 .ARM.attributes
                0x000003eb       0x22 /Applications/STM32CubeIDE.app/Contents/Eclipse/plugins/com.st.stm32cube.ide.mcu.externaltools.gnu-tools-for-stm32.12.3.rel1.macos64_1.0.100.202403111906/tools/bin/../lib/gcc/arm-none-eabi/12.3.1/thumb/v7e-m+fp/hard/libgcc.a(_aeabi_uldivmod.o)
 .ARM.attributes
                0x0000040d       0x34 /Applications/STM32CubeIDE.app/Contents/Eclipse/plugins/com.st.stm32cube.ide.mcu.externaltools.gnu-tools-for-stm32.12.3.rel1.macos64_1.0.100.202403111906/tools/bin/../lib/gcc/arm-none-eabi/12.3.1/thumb/v7e-m+fp/hard/libgcc.a(_udivmoddi4.o)
 .ARM.attributes
                0x00000441       0x22 /Applications/STM32CubeIDE.app/Contents/Eclipse/plugins/com.st.stm32cube.ide.mcu.externaltools.gnu-tools-for-stm32.12.3.rel1.macos64_1.0.100.202403111906/tools/bin/../lib/gcc/arm-none-eabi/12.3.1/thumb/v7e-m+fp/hard/libgcc.a(_dvmd_tls.o)
 .ARM.attributes
                0x00000463       0x22 /Applications/STM32CubeIDE.app/Contents/Eclipse/plugins/com.st.stm32cube.ide.mcu.externaltools.gnu-tools-for-stm32.12.3.rel1.macos64_1.0.100.202403111906/tools/bin/../lib/gcc/arm-none-eabi/12.3.1/thumb/v7e-m+fp/hard/crtn.o
OUTPUT(lab2.elf elf32-littlearm)
LOAD linker stubs
LOAD /Applications/STM32CubeIDE.app/Contents/Eclipse/plugins/com.st.stm32cube.ide.mcu.externaltools.gnu-tools-for-stm32.12.3.rel1.macos64_1.0.100.202403111906/tools/bin/../lib/gcc/arm-none-eabi/12.3.1/../../../../arm-none-eabi/lib/thumb/v7e-m+fp/hard/libc.a
LOAD /Applications/STM32CubeIDE.app/Contents/Eclipse/plugins/com.st.stm32cube.ide.mcu.externaltools.gnu-tools-for-stm32.12.3.rel1.macos64_1.0.100.202403111906/tools/bin/../lib/gcc/arm-none-eabi/12.3.1/../../../../arm-none-eabi/lib/thumb/v7e-m+fp/hard/libm.a
LOAD /Applications/STM32CubeIDE.app/Contents/Eclipse/plugins/com.st.stm32cube.ide.mcu.externaltools.gnu-tools-for-stm32.12.3.rel1.macos64_1.0.100.202403111906/tools/bin/../lib/gcc/arm-none-eabi/12.3.1/thumb/v7e-m+fp/hard/libgcc.a

.debug_info     0x00000000     0xaf88
 .debug_info    0x00000000      0x441 ./Core/Src/gpio.o
 .debug_info    0x00000441      0xbe6 ./Core/Src/main.o
 .debug_info    0x00001027      0x10d ./Core/Src/softwareTimer.o
 .debug_info    0x00001134      0x943 ./Core/Src/spi.o
 .debug_info    0x00001a77      0x269 ./Core/Src/stm32f4xx_hal_msp.o
 .debug_info    0x00001ce0      0x6e1 ./Core/Src/stm32f4xx_it.o
 .debug_info    0x000023c1      0x512 ./Core/Src/system_stm32f4xx.o
 .debug_info    0x000028d3      0xc03 ./Core/Src/tim.o
 .debug_info    0x000034d6       0x30 ./Core/Startup/startup_stm32f407zgtx.o
 .debug_info    0x00003506      0x944 ./Drivers/STM32F4xx_HAL_Driver/Src/stm32f4xx_hal.o
 .debug_info    0x00003e4a      0xd57 ./Drivers/STM32F4xx_HAL_Driver/Src/stm32f4xx_hal_cortex.o
 .debug_info    0x00004ba1      0x6c3 ./Drivers/STM32F4xx_HAL_Driver/Src/stm32f4xx_hal_gpio.o
 .debug_info    0x00005264      0x8b1 ./Drivers/STM32F4xx_HAL_Driver/Src/stm32f4xx_hal_rcc.o
 .debug_info    0x00005b15     0x15fb ./Drivers/STM32F4xx_HAL_Driver/Src/stm32f4xx_hal_spi.o
 .debug_info    0x00007110     0x299d ./Drivers/STM32F4xx_HAL_Driver/Src/stm32f4xx_hal_tim.o
 .debug_info    0x00009aad     0x14db ./Drivers/STM32F4xx_HAL_Driver/Src/stm32f4xx_hal_tim_ex.o

.debug_abbrev   0x00000000     0x1d39
 .debug_abbrev  0x00000000      0x152 ./Core/Src/gpio.o
 .debug_abbrev  0x00000152      0x263 ./Core/Src/main.o
 .debug_abbrev  0x000003b5       0xad ./Core/Src/softwareTimer.o
 .debug_abbrev  0x00000462      0x1f3 ./Core/Src/spi.o
 .debug_abbrev  0x00000655       0xd8 ./Core/Src/stm32f4xx_hal_msp.o
 .debug_abbrev  0x0000072d      0x192 ./Core/Src/stm32f4xx_it.o
 .debug_abbrev  0x000008bf      0x11a ./Core/Src/system_stm32f4xx.o
 .debug_abbrev  0x000009d9      0x1f7 ./Core/Src/tim.o
 .debug_abbrev  0x00000bd0       0x24 ./Core/Startup/startup_stm32f407zgtx.o
 .debug_abbrev  0x00000bf4      0x214 ./Drivers/STM32F4xx_HAL_Driver/Src/stm32f4xx_hal.o
 .debug_abbrev  0x00000e08      0x328 ./Drivers/STM32F4xx_HAL_Driver/Src/stm32f4xx_hal_cortex.o
 .debug_abbrev  0x00001130      0x1d4 ./Drivers/STM32F4xx_HAL_Driver/Src/stm32f4xx_hal_gpio.o
 .debug_abbrev  0x00001304      0x2b6 ./Drivers/STM32F4xx_HAL_Driver/Src/stm32f4xx_hal_rcc.o
 .debug_abbrev  0x000015ba      0x284 ./Drivers/STM32F4xx_HAL_Driver/Src/stm32f4xx_hal_spi.o
 .debug_abbrev  0x0000183e      0x278 ./Drivers/STM32F4xx_HAL_Driver/Src/stm32f4xx_hal_tim.o
 .debug_abbrev  0x00001ab6      0x283 ./Drivers/STM32F4xx_HAL_Driver/Src/stm32f4xx_hal_tim_ex.o

.debug_aranges  0x00000000      0xbc8
 .debug_aranges
                0x00000000       0x20 ./Core/Src/gpio.o
 .debug_aranges
                0x00000020       0x48 ./Core/Src/main.o
 .debug_aranges
                0x00000068       0x30 ./Core/Src/softwareTimer.o
 .debug_aranges
                0x00000098       0x30 ./Core/Src/spi.o
 .debug_aranges
                0x000000c8       0x20 ./Core/Src/stm32f4xx_hal_msp.o
 .debug_aranges
                0x000000e8       0x68 ./Core/Src/stm32f4xx_it.o
 .debug_aranges
                0x00000150       0x28 ./Core/Src/system_stm32f4xx.o
 .debug_aranges
                0x00000178       0x30 ./Core/Src/tim.o
 .debug_aranges
                0x000001a8       0x28 ./Core/Startup/startup_stm32f407zgtx.o
 .debug_aranges
                0x000001d0       0xf0 ./Drivers/STM32F4xx_HAL_Driver/Src/stm32f4xx_hal.o
 .debug_aranges
                0x000002c0      0x120 ./Drivers/STM32F4xx_HAL_Driver/Src/stm32f4xx_hal_cortex.o
 .debug_aranges
                0x000003e0       0x58 ./Drivers/STM32F4xx_HAL_Driver/Src/stm32f4xx_hal_gpio.o
 .debug_aranges
                0x00000438       0x88 ./Drivers/STM32F4xx_HAL_Driver/Src/stm32f4xx_hal_rcc.o
 .debug_aranges
                0x000004c0      0x1d0 ./Drivers/STM32F4xx_HAL_Driver/Src/stm32f4xx_hal_spi.o
 .debug_aranges
                0x00000690      0x3d0 ./Drivers/STM32F4xx_HAL_Driver/Src/stm32f4xx_hal_tim.o
 .debug_aranges
                0x00000a60      0x168 ./Drivers/STM32F4xx_HAL_Driver/Src/stm32f4xx_hal_tim_ex.o

.debug_rnglists
                0x00000000      0x90a
 .debug_rnglists
                0x00000000       0x14 ./Core/Src/gpio.o
 .debug_rnglists
                0x00000014       0x32 ./Core/Src/main.o
 .debug_rnglists
                0x00000046       0x1f ./Core/Src/softwareTimer.o
 .debug_rnglists
                0x00000065       0x20 ./Core/Src/spi.o
 .debug_rnglists
                0x00000085       0x13 ./Core/Src/stm32f4xx_hal_msp.o
 .debug_rnglists
                0x00000098       0x49 ./Core/Src/stm32f4xx_it.o
 .debug_rnglists
                0x000000e1       0x1a ./Core/Src/system_stm32f4xx.o
 .debug_rnglists
                0x000000fb       0x20 ./Core/Src/tim.o
 .debug_rnglists
                0x0000011b       0x19 ./Core/Startup/startup_stm32f407zgtx.o
 .debug_rnglists
                0x00000134       0xaf ./Drivers/STM32F4xx_HAL_Driver/Src/stm32f4xx_hal.o
 .debug_rnglists
                0x000001e3       0xd4 ./Drivers/STM32F4xx_HAL_Driver/Src/stm32f4xx_hal_cortex.o
 .debug_rnglists
                0x000002b7       0x3f ./Drivers/STM32F4xx_HAL_Driver/Src/stm32f4xx_hal_gpio.o
 .debug_rnglists
                0x000002f6       0x66 ./Drivers/STM32F4xx_HAL_Driver/Src/stm32f4xx_hal_rcc.o
 .debug_rnglists
                0x0000035c      0x16f ./Drivers/STM32F4xx_HAL_Driver/Src/stm32f4xx_hal_spi.o
 .debug_rnglists
                0x000004cb      0x31a ./Drivers/STM32F4xx_HAL_Driver/Src/stm32f4xx_hal_tim.o
 .debug_rnglists
                0x000007e5      0x125 ./Drivers/STM32F4xx_HAL_Driver/Src/stm32f4xx_hal_tim_ex.o

.debug_macro    0x00000000    0x2061b
 .debug_macro   0x00000000      0x1e7 ./Core/Src/gpio.o
 .debug_macro   0x000001e7      0xab4 ./Core/Src/gpio.o
 .debug_macro   0x00000c9b      0x29b ./Core/Src/gpio.o
 .debug_macro   0x00000f36       0x2e ./Core/Src/gpio.o
 .debug_macro   0x00000f64       0x2f ./Core/Src/gpio.o
 .debug_macro   0x00000f93       0x22 ./Core/Src/gpio.o
 .debug_macro   0x00000fb5       0x8e ./Core/Src/gpio.o
 .debug_macro   0x00001043       0x51 ./Core/Src/gpio.o
 .debug_macro   0x00001094      0x103 ./Core/Src/gpio.o
 .debug_macro   0x00001197       0x6a ./Core/Src/gpio.o
 .debug_macro   0x00001201      0x1df ./Core/Src/gpio.o
 .debug_macro   0x000013e0       0x1c ./Core/Src/gpio.o
 .debug_macro   0x000013fc       0x22 ./Core/Src/gpio.o
 .debug_macro   0x0000141e       0xfb ./Core/Src/gpio.o
 .debug_macro   0x00001519     0x1011 ./Core/Src/gpio.o
 .debug_macro   0x0000252a      0x11f ./Core/Src/gpio.o
 .debug_macro   0x00002649    0x15e97 ./Core/Src/gpio.o
 .debug_macro   0x000184e0       0x6d ./Core/Src/gpio.o
 .debug_macro   0x0001854d     0x368c ./Core/Src/gpio.o
 .debug_macro   0x0001bbd9      0x189 ./Core/Src/gpio.o
 .debug_macro   0x0001bd62       0x5c ./Core/Src/gpio.o
 .debug_macro   0x0001bdbe      0x980 ./Core/Src/gpio.o
 .debug_macro   0x0001c73e      0x9e9 ./Core/Src/gpio.o
 .debug_macro   0x0001d127      0x115 ./Core/Src/gpio.o
 .debug_macro   0x0001d23c      0x13e ./Core/Src/gpio.o
 .debug_macro   0x0001d37a       0xa5 ./Core/Src/gpio.o
 .debug_macro   0x0001d41f      0x174 ./Core/Src/gpio.o
 .debug_macro   0x0001d593      0x287 ./Core/Src/gpio.o
 .debug_macro   0x0001d81a       0x5f ./Core/Src/gpio.o
 .debug_macro   0x0001d879      0x236 ./Core/Src/gpio.o
 .debug_macro   0x0001daaf      0x12c ./Core/Src/gpio.o
 .debug_macro   0x0001dbdb      0x21e ./Core/Src/gpio.o
 .debug_macro   0x0001ddf9       0x2e ./Core/Src/gpio.o
 .debug_macro   0x0001de27      0x127 ./Core/Src/gpio.o
 .debug_macro   0x0001df4e       0x7e ./Core/Src/gpio.o
 .debug_macro   0x0001dfcc       0x89 ./Core/Src/gpio.o
 .debug_macro   0x0001e055      0x225 ./Core/Src/gpio.o
 .debug_macro   0x0001e27a      0x8ed ./Core/Src/gpio.o
 .debug_macro   0x0001eb67       0x4d ./Core/Src/gpio.o
 .debug_macro   0x0001ebb4      0x12d ./Core/Src/gpio.o
 .debug_macro   0x0001ece1       0x28 ./Core/Src/gpio.o
 .debug_macro   0x0001ed09      0x209 ./Core/Src/main.o
 .debug_macro   0x0001ef12       0x6d ./Core/Src/softwareTimer.o
 .debug_macro   0x0001ef7f      0x1e7 ./Core/Src/spi.o
 .debug_macro   0x0001f166      0x1dd ./Core/Src/stm32f4xx_hal_msp.o
 .debug_macro   0x0001f343      0x1e7 ./Core/Src/stm32f4xx_it.o
 .debug_macro   0x0001f52a      0x1ce ./Core/Src/system_stm32f4xx.o
 .debug_macro   0x0001f6f8      0x1e7 ./Core/Src/tim.o
 .debug_macro   0x0001f8df      0x22e ./Drivers/STM32F4xx_HAL_Driver/Src/stm32f4xx_hal.o
 .debug_macro   0x0001fb0d      0x1ce ./Drivers/STM32F4xx_HAL_Driver/Src/stm32f4xx_hal_cortex.o
 .debug_macro   0x0001fcdb      0x1d4 ./Drivers/STM32F4xx_HAL_Driver/Src/stm32f4xx_hal_gpio.o
 .debug_macro   0x0001feaf      0x1f2 ./Drivers/STM32F4xx_HAL_Driver/Src/stm32f4xx_hal_rcc.o
 .debug_macro   0x000200a1      0x1dd ./Drivers/STM32F4xx_HAL_Driver/Src/stm32f4xx_hal_spi.o
 .debug_macro   0x0002027e      0x1cf ./Drivers/STM32F4xx_HAL_Driver/Src/stm32f4xx_hal_tim.o
 .debug_macro   0x0002044d      0x1ce ./Drivers/STM32F4xx_HAL_Driver/Src/stm32f4xx_hal_tim_ex.o

.debug_line     0x00000000     0xd523
 .debug_line    0x00000000      0x710 ./Core/Src/gpio.o
 .debug_line    0x00000710      0x7d6 ./Core/Src/main.o
 .debug_line    0x00000ee6      0x40e ./Core/Src/softwareTimer.o
 .debug_line    0x000012f4      0x754 ./Core/Src/spi.o
 .debug_line    0x00001a48      0x6e3 ./Core/Src/stm32f4xx_hal_msp.o
 .debug_line    0x0000212b      0x7bd ./Core/Src/stm32f4xx_it.o
 .debug_line    0x000028e8      0x767 ./Core/Src/system_stm32f4xx.o
 .debug_line    0x0000304f      0x750 ./Core/Src/tim.o
 .debug_line    0x0000379f       0x7a ./Core/Startup/startup_stm32f407zgtx.o
 .debug_line    0x00003819      0x9d0 ./Drivers/STM32F4xx_HAL_Driver/Src/stm32f4xx_hal.o
 .debug_line    0x000041e9      0xc98 ./Drivers/STM32F4xx_HAL_Driver/Src/stm32f4xx_hal_cortex.o
 .debug_line    0x00004e81      0xb5c ./Drivers/STM32F4xx_HAL_Driver/Src/stm32f4xx_hal_gpio.o
 .debug_line    0x000059dd      0xd41 ./Drivers/STM32F4xx_HAL_Driver/Src/stm32f4xx_hal_rcc.o
 .debug_line    0x0000671e     0x1ccb ./Drivers/STM32F4xx_HAL_Driver/Src/stm32f4xx_hal_spi.o
 .debug_line    0x000083e9     0x3774 ./Drivers/STM32F4xx_HAL_Driver/Src/stm32f4xx_hal_tim.o
 .debug_line    0x0000bb5d     0x19c6 ./Drivers/STM32F4xx_HAL_Driver/Src/stm32f4xx_hal_tim_ex.o

.debug_str      0x00000000    0xc6a6e
 .debug_str     0x00000000    0xc3407 ./Core/Src/gpio.o
                              0xc367a (size before relaxing)
 .debug_str     0x000c3407      0x721 ./Core/Src/main.o
                              0xc3db4 (size before relaxing)
 .debug_str     0x000c3b28       0x40 ./Core/Src/softwareTimer.o
                               0x3d9a (size before relaxing)
 .debug_str     0x000c3b68      0x217 ./Core/Src/spi.o
                              0xc3b06 (size before relaxing)
 .debug_str     0x000c3d7f       0x2c ./Core/Src/stm32f4xx_hal_msp.o
                              0xc35af (size before relaxing)
 .debug_str     0x000c3dab       0xec ./Core/Src/stm32f4xx_it.o
                              0xc3a93 (size before relaxing)
 .debug_str     0x000c3e97       0xdb ./Core/Src/system_stm32f4xx.o
                              0xc35ca (size before relaxing)
 .debug_str     0x000c3f72      0x653 ./Core/Src/tim.o
                              0xc4184 (size before relaxing)
 .debug_str     0x000c45c5       0x44 ./Core/Startup/startup_stm32f407zgtx.o
                                 0x82 (size before relaxing)
 .debug_str     0x000c4609      0x60d ./Drivers/STM32F4xx_HAL_Driver/Src/stm32f4xx_hal.o
                              0xc414e (size before relaxing)
 .debug_str     0x000c4c16      0x33a ./Drivers/STM32F4xx_HAL_Driver/Src/stm32f4xx_hal_cortex.o
                              0xc3e98 (size before relaxing)
 .debug_str     0x000c4f50      0x10e ./Drivers/STM32F4xx_HAL_Driver/Src/stm32f4xx_hal_gpio.o
                              0xc3745 (size before relaxing)
 .debug_str     0x000c505e      0x233 ./Drivers/STM32F4xx_HAL_Driver/Src/stm32f4xx_hal_rcc.o
                              0xc39fe (size before relaxing)
 .debug_str     0x000c5291      0x5a2 ./Drivers/STM32F4xx_HAL_Driver/Src/stm32f4xx_hal_spi.o
                              0xc3e8e (size before relaxing)
 .debug_str     0x000c5833      0xda8 ./Drivers/STM32F4xx_HAL_Driver/Src/stm32f4xx_hal_tim.o
                              0xc4954 (size before relaxing)
 .debug_str     0x000c65db      0x493 ./Drivers/STM32F4xx_HAL_Driver/Src/stm32f4xx_hal_tim_ex.o
                              0xc4160 (size before relaxing)

.comment        0x00000000       0x43
 .comment       0x00000000       0x43 ./Core/Src/gpio.o
                                 0x44 (size before relaxing)
 .comment       0x00000043       0x44 ./Core/Src/main.o
 .comment       0x00000043       0x44 ./Core/Src/softwareTimer.o
 .comment       0x00000043       0x44 ./Core/Src/spi.o
 .comment       0x00000043       0x44 ./Core/Src/stm32f4xx_hal_msp.o
 .comment       0x00000043       0x44 ./Core/Src/stm32f4xx_it.o
 .comment       0x00000043       0x44 ./Core/Src/system_stm32f4xx.o
 .comment       0x00000043       0x44 ./Core/Src/tim.o
 .comment       0x00000043       0x44 ./Drivers/STM32F4xx_HAL_Driver/Src/stm32f4xx_hal.o
 .comment       0x00000043       0x44 ./Drivers/STM32F4xx_HAL_Driver/Src/stm32f4xx_hal_cortex.o
 .comment       0x00000043       0x44 ./Drivers/STM32F4xx_HAL_Driver/Src/stm32f4xx_hal_gpio.o
 .comment       0x00000043       0x44 ./Drivers/STM32F4xx_HAL_Driver/Src/stm32f4xx_hal_rcc.o
 .comment       0x00000043       0x44 ./Drivers/STM32F4xx_HAL_Driver/Src/stm32f4xx_hal_spi.o
 .comment       0x00000043       0x44 ./Drivers/STM32F4xx_HAL_Driver/Src/stm32f4xx_hal_tim.o
 .comment       0x00000043       0x44 ./Drivers/STM32F4xx_HAL_Driver/Src/stm32f4xx_hal_tim_ex.o

.debug_frame    0x00000000     0x3048
 .debug_frame   0x00000000       0x34 ./Core/Src/gpio.o
 .debug_frame   0x00000034       0xc4 ./Core/Src/main.o
 .debug_frame   0x000000f8       0x78 ./Core/Src/softwareTimer.o
 .debug_frame   0x00000170       0x74 ./Core/Src/spi.o
 .debug_frame   0x000001e4       0x38 ./Core/Src/stm32f4xx_hal_msp.o
 .debug_frame   0x0000021c      0x120 ./Core/Src/stm32f4xx_it.o
 .debug_frame   0x0000033c       0x58 ./Core/Src/system_stm32f4xx.o
 .debug_frame   0x00000394       0x7c ./Core/Src/tim.o
 .debug_frame   0x00000410      0x374 ./Drivers/STM32F4xx_HAL_Driver/Src/stm32f4xx_hal.o
 .debug_frame   0x00000784      0x4b8 ./Drivers/STM32F4xx_HAL_Driver/Src/stm32f4xx_hal_cortex.o
 .debug_frame   0x00000c3c      0x14c ./Drivers/STM32F4xx_HAL_Driver/Src/stm32f4xx_hal_gpio.o
 .debug_frame   0x00000d88      0x1f4 ./Drivers/STM32F4xx_HAL_Driver/Src/stm32f4xx_hal_rcc.o
 .debug_frame   0x00000f7c      0x828 ./Drivers/STM32F4xx_HAL_Driver/Src/stm32f4xx_hal_spi.o
 .debug_frame   0x000017a4     0x11c0 ./Drivers/STM32F4xx_HAL_Driver/Src/stm32f4xx_hal_tim.o
 .debug_frame   0x00002964      0x638 ./Drivers/STM32F4xx_HAL_Driver/Src/stm32f4xx_hal_tim_ex.o
 .debug_frame   0x00002f9c       0x20 /Applications/STM32CubeIDE.app/Contents/Eclipse/plugins/com.st.stm32cube.ide.mcu.externaltools.gnu-tools-for-stm32.12.3.rel1.macos64_1.0.100.202403111906/tools/bin/../lib/gcc/arm-none-eabi/12.3.1/../../../../arm-none-eabi/lib/thumb/v7e-m+fp/hard/libc_nano.a(libc_a-memset.o)
 .debug_frame   0x00002fbc       0x2c /Applications/STM32CubeIDE.app/Contents/Eclipse/plugins/com.st.stm32cube.ide.mcu.externaltools.gnu-tools-for-stm32.12.3.rel1.macos64_1.0.100.202403111906/tools/bin/../lib/gcc/arm-none-eabi/12.3.1/../../../../arm-none-eabi/lib/thumb/v7e-m+fp/hard/libc_nano.a(libc_a-init.o)
 .debug_frame   0x00002fe8       0x2c /Applications/STM32CubeIDE.app/Contents/Eclipse/plugins/com.st.stm32cube.ide.mcu.externaltools.gnu-tools-for-stm32.12.3.rel1.macos64_1.0.100.202403111906/tools/bin/../lib/gcc/arm-none-eabi/12.3.1/thumb/v7e-m+fp/hard/libgcc.a(_aeabi_uldivmod.o)
 .debug_frame   0x00003014       0x34 /Applications/STM32CubeIDE.app/Contents/Eclipse/plugins/com.st.stm32cube.ide.mcu.externaltools.gnu-tools-for-stm32.12.3.rel1.macos64_1.0.100.202403111906/tools/bin/../lib/gcc/arm-none-eabi/12.3.1/thumb/v7e-m+fp/hard/libgcc.a(_udivmoddi4.o)

.debug_line_str
                0x00000000       0x66
 .debug_line_str
                0x00000000       0x66 ./Core/Startup/startup_stm32f407zgtx.o
